**********************
Windows PowerShell transcript start
Start time: 20260712153718
Username: DAN\Xbxac
RunAs User: DAN\Xbxac
Configuration Name: 
Machine: DAN (Microsoft Windows NT 10.0.28120.0)
Host Application: C:\WINDOWS\System32\WindowsPowerShell\v1.0\powershell.exe -ExecutionPolicy Bypass -File E:\TENET-5.github.io\tools\run_osint_pipeline.ps1 -Hidden
Process ID: 35980
PSVersion: 5.1.28000.2374
PSEdition: Desktop
PSCompatibleVersions: 1.0, 2.0, 3.0, 4.0, 5.0, 5.1.28000.2374
BuildVersion: 10.0.28000.2374
CLRVersion: 4.0.30319.42000
WSManStackVersion: 3.0
PSRemotingProtocolVersion: 2.3
SerializationVersion: 1.1.0.1
**********************
=============================================
 TENET5 AUTONOMOUS OSINT PIPELINE STARTING
=============================================
Date: 07/12/2026 15:37:18

[1/4] Running Scrapers...
Uri:

[2/4] Executing Fencing Operations...
Uri:

[3/4] Running Open Data Gap Filler...
Uri:

[4/4] Generating Intelligence Report & Dashboard Updates...
Uri:

[5/5] Finalizing GitHub Pushes...
Uri:
Uri:
Uri:
git : [pre-commit] PRISM site duty (fast: theme + LIRIL guide)...
At E:\TENET-5.github.io\tools\run_osint_pipeline.ps1:58 char:1
+ git commit -m "osint: daily fencing and gap fill updates" 2>$null
+ ~~~~~~~~~~~~~~~~~~~~~~~~~~~~~~~~~~~~~~~~~~~~~~~~~~~~~~~~~~~~~~~~~
    + CategoryInfo          : NotSpecified: ([pre-commit] PR...LIRIL guide)...:String) [], RemoteException
    + FullyQualifiedErrorId : NativeCommandError
{
  "verdict": "SITE_DUTY_FAIL",
  "ok": false,
  "ts": "2026-07-12T19:38:49.350499+00:00",
  "project": "TENET5_PUBLIC_SITE_VISUAL_ACUITY"
}
Uri:
git : Everything up-to-date
At E:\TENET-5.github.io\tools\run_osint_pipeline.ps1:59 char:1
+ git push 2>$null
+ ~~~~~~~~~~~~~~~~
    + CategoryInfo          : NotSpecified: (Everything up-to-date:String) [], RemoteException
    + FullyQualifiedErrorId : NativeCommandError
Uri:

=============================================
 OSINT PIPELINE COMPLETE
=============================================
**********************
Windows PowerShell transcript end
End time: 20260712154511
**********************
