============================================================
  TENET5 Universal Voice — OBJECTIVE MODE
  Voice: en-US-AriaNeural  |  Rate: +0%  |  Pitch: +0Hz
============================================================

Processing vancouver.html (4 narration nodes found)
  [SKIP] vancouver-n-face9fdb.mp3 already exists.
  [GEN]  vancouver-node-2 — 84 chars
  [OK]   vancouver-node-2.mp3 (41 KB)
  [GEN]  vancouver-node-3 — 84 chars
  [OK]   vancouver-node-3.mp3 (48 KB)
  [GEN]  vancouver-node-4 — 83 chars
  [OK]   vancouver-node-4.mp3 (42 KB)

Processing timeline.html (10 narration nodes found)
  [SKIP] timeline-n-076d2d06.mp3 already exists.
  [GEN]  timeline-node-2 — 240 chars
  [OK]   timeline-node-2.mp3 (110 KB)
  [GEN]  timeline-node-3 — 256 chars
  [OK]   timeline-node-3.mp3 (133 KB)
  [GEN]  timeline-node-4 — 262 chars
  [OK]   timeline-node-4.mp3 (124 KB)
  [GEN]  timeline-node-5 — 305 chars
  [OK]   timeline-node-5.mp3 (145 KB)
  [GEN]  timeline-node-6 — 255 chars
  [OK]   timeline-node-6.mp3 (115 KB)
  [SKIP] timeline-node-7.mp3 already exists.
  [SKIP] timeline-node-8.mp3 already exists.
  [SKIP] timeline-node-9.mp3 already exists.
  [SKIP] timeline-node-10.mp3 already exists.

Processing veterans.html (10 narration nodes found)
  [SKIP] veterans-n-21b53c84.mp3 already exists.
  [SKIP] veterans-suicide.mp3 already exists.
  [SKIP] veterans-wait-times.mp3 already exists.
  [SKIP] veterans-mental-health.mp3 already exists.
  [SKIP] veterans-maid-veterans.mp3 already exists.
  [SKIP] veterans-math.mp3 already exists.
  [SKIP] veterans-my-case.mp3 already exists.
  [SKIP] veterans-housing.mp3 already exists.
  [SKIP] veterans-cfnis-connection.mp3 already exists.
  [SKIP] veterans-action.mp3 already exists.

Processing evidence.html (9 narration nodes found)
  [SKIP] evidence-n-f2311feb.mp3 already exists.
  [SKIP] evidence-node-2.mp3 already exists.
  [SKIP] evidence-hansard-search.mp3 already exists.
  [SKIP] evidence-node-4.mp3 already exists.
  [SKIP] evidence-node-5.mp3 already exists.
  [SKIP] evidence-node-6.mp3 already exists.
  [SKIP] evidence-node-7.mp3 already exists.
  [GEN]  evidence-node-8 — 363 chars
  [OK]   evidence-node-8.mp3 (155 KB)
  [GEN]  evidence-node-9 — 311 chars
  [OK]   evidence-node-9.mp3 (122 KB)

Processing mp-brief.html (5 narration nodes found)
  [GEN]  mp-brief-n-908d4a73 — 327 chars
  [OK]   mp-brief-n-908d4a73.mp3 (135 KB)
  [GEN]  mp-brief-node-2 — 88 chars
  [OK]   mp-brief-node-2.mp3 (40 KB)
  [GEN]  mp-brief-node-3 — 92 chars
  [OK]   mp-brief-node-3.mp3 (41 KB)
  [GEN]  mp-brief-node-4 — 103 chars
  [OK]   mp-brief-node-4.mp3 (50 KB)
  [GEN]  mp-brief-node-5 — 80 chars
  [OK]   mp-brief-node-5.mp3 (38 KB)

Processing the-boot.html (12 narration nodes found)
  [GEN]  the-boot-n-6a2f57af — 114 chars
  [OK]   the-boot-n-6a2f57af.mp3 (52 KB)
  [GEN]  the-boot-node-2 — 103 chars
  [OK]   the-boot-node-2.mp3 (46 KB)
  [GEN]  the-boot-node-3 — 104 chars
  [OK]   the-boot-node-3.mp3 (48 KB)
  [GEN]  the-boot-node-4 — 110 chars
  [OK]   the-boot-node-4.mp3 (48 KB)
  [GEN]  the-boot-node-5 — 105 chars
  [OK]   the-boot-node-5.mp3 (48 KB)
  [GEN]  the-boot-node-6 — 122 chars
  [OK]   the-boot-node-6.mp3 (50 KB)
  [GEN]  the-boot-node-7 — 98 chars
  [OK]   the-boot-node-7.mp3 (45 KB)
  [GEN]  the-boot-node-8 — 108 chars
  [OK]   the-boot-node-8.mp3 (48 KB)
  [GEN]  the-boot-node-9 — 109 chars
  [OK]   the-boot-node-9.mp3 (49 KB)
  [GEN]  the-boot-node-10 — 100 chars
  [OK]   the-boot-node-10.mp3 (49 KB)
  [GEN]  the-boot-node-11 — 110 chars
  [OK]   the-boot-node-11.mp3 (46 KB)
  [GEN]  the-boot-node-12 — 117 chars
  [OK]   the-boot-node-12.mp3 (52 KB)

Processing resources.html (9 narration nodes found)
  [GEN]  resources-n-2b5af694 — 229 chars
  [OK]   resources-n-2b5af694.mp3 (100 KB)
  [GEN]  resources-cfnis-complaints — 115 chars
  [OK]   resources-cfnis-complaints.mp3 (52 KB)
  [GEN]  resources-oversight — 107 chars
  [OK]   resources-oversight.mp3 (48 KB)
  [GEN]  resources-elected — 118 chars
  [OK]   resources-elected.mp3 (52 KB)
  [GEN]  resources-international — 99 chars
  [OK]   resources-international.mp3 (44 KB)
  [GEN]  resources-legal-resources — 107 chars
  [OK]   resources-legal-resources.mp3 (47 KB)
  [GEN]  resources-media — 110 chars
  [OK]   resources-media.mp3 (50 KB)
  [GEN]  resources-crisis — 91 chars
  [OK]   resources-crisis.mp3 (42 KB)
  [GEN]  resources-documents — 86 chars
  [OK]   resources-documents.mp3 (40 KB)

Processing about.html (6 narration nodes found)
  [GEN]  about-n-2d7945d9 — 90 chars
  [OK]   about-n-2d7945d9.mp3 (55 KB)
  [GEN]  about-node-2 — 74 chars
  [OK]   about-node-2.mp3 (37 KB)
  [GEN]  about-node-3 — 94 chars
  [OK]   about-node-3.mp3 (45 KB)
  [GEN]  about-node-4 — 93 chars
  [OK]   about-node-4.mp3 (46 KB)
  [GEN]  about-node-5 — 93 chars
  [OK]   about-node-5.mp3 (42 KB)
  [GEN]  about-node-6 — 88 chars
  [OK]   about-node-6.mp3 (40 KB)

Processing harm-index.html (5 narration nodes found)
  [GEN]  harm-index-n-d514d377 — 417 chars
  [OK]   harm-index-n-d514d377.mp3 (168 KB)
  [GEN]  harm-index-totals — 94 chars
  [OK]   harm-index-totals.mp3 (44 KB)
  [GEN]  harm-index-entries — 89 chars
  [OK]   harm-index-entries.mp3 (42 KB)
  [GEN]  harm-index-pattern — 100 chars
  [OK]   harm-index-pattern.mp3 (45 KB)
  [GEN]  harm-index-node-5 — 106 chars
  [OK]   harm-index-node-5.mp3 (47 KB)

Processing findings.html (1 narration nodes found)
  [GEN]  findings-n-607b89e2 — 142 chars
  [OK]   findings-n-607b89e2.mp3 (78 KB)

Processing ottawa.html (6 narration nodes found)
  [GEN]  ottawa-n-7829ae5c — 97 chars
  [OK]   ottawa-n-7829ae5c.mp3 (46 KB)
  [GEN]  ottawa-node-2 — 98 chars
  [OK]   ottawa-node-2.mp3 (45 KB)
  [GEN]  ottawa-node-3 — 103 chars
  [OK]   ottawa-node-3.mp3 (54 KB)
  [GEN]  ottawa-node-4 — 100 chars
  [OK]   ottawa-node-4.mp3 (49 KB)
  [GEN]  ottawa-node-5 — 92 chars
  [OK]   ottawa-node-5.mp3 (43 KB)
  [GEN]  ottawa-node-6 — 88 chars
  [OK]   ottawa-node-6.mp3 (41 KB)

Processing news.html (1 narration nodes found)
  [GEN]  news-n-02153b36 — 146 chars
  [OK]   news-n-02153b36.mp3 (67 KB)

Processing community.html (1 narration nodes found)
  [GEN]  community-n-39a658d3 — 137 chars
  [OK]   community-n-39a658d3.mp3 (66 KB)

Processing 404.html (1 narration nodes found)
  [GEN]  404-n-c8a74303 — 127 chars
  [OK]   404-n-c8a74303.mp3 (57 KB)

Processing belleville.html (12 narration nodes found)
  [GEN]  belleville-n-4b9fe809 — 84 chars
  [OK]   belleville-n-4b9fe809.mp3 (42 KB)
  [GEN]  belleville-node-2 — 112 chars
  [OK]   belleville-node-2.mp3 (56 KB)
  [GEN]  belleville-node-3 — 106 chars
  [OK]   belleville-node-3.mp3 (50 KB)
  [GEN]  belleville-node-4 — 116 chars
  [OK]   belleville-node-4.mp3 (53 KB)
  [GEN]  belleville-node-5 — 95 chars
  [OK]   belleville-node-5.mp3 (49 KB)
  [GEN]  belleville-node-6 — 100 chars
  [OK]   belleville-node-6.mp3 (48 KB)
  [GEN]  belleville-node-7 — 105 chars
  [OK]   belleville-node-7.mp3 (50 KB)
  [GEN]  belleville-node-8 — 105 chars
  [OK]   belleville-node-8.mp3 (51 KB)
  [GEN]  belleville-node-9 — 98 chars
  [OK]   belleville-node-9.mp3 (44 KB)
  [GEN]  belleville-node-10 — 110 chars
  [OK]   belleville-node-10.mp3 (48 KB)
  [GEN]  belleville-node-11 — 117 chars
  [OK]   belleville-node-11.mp3 (53 KB)
  [GEN]  belleville-node-12 — 100 chars
  [OK]   belleville-node-12.mp3 (49 KB)

Processing tfw-abuse.html (10 narration nodes found)
  [GEN]  tfw-abuse-n-b2845ec8 — 638 chars
  [OK]   tfw-abuse-n-b2845ec8.mp3 (255 KB)
  [GEN]  tfw-abuse-scale — 198 chars
  [OK]   tfw-abuse-scale.mp3 (79 KB)
  [GEN]  tfw-abuse-system — 171 chars
  [OK]   tfw-abuse-system.mp3 (70 KB)
  [GEN]  tfw-abuse-franchise — 170 chars
  [OK]   tfw-abuse-franchise.mp3 (70 KB)
  [GEN]  tfw-abuse-fraud — 165 chars
  [OK]   tfw-abuse-fraud.mp3 (80 KB)
  [GEN]  tfw-abuse-agriculture — 177 chars
  [OK]   tfw-abuse-agriculture.mp3 (76 KB)
  [GEN]  tfw-abuse-housing — 159 chars
  [OK]   tfw-abuse-housing.mp3 (68 KB)
  [GEN]  tfw-abuse-oversight — 196 chars
  [OK]   tfw-abuse-oversight.mp3 (86 KB)
  [GEN]  tfw-abuse-reform — 170 chars
  [OK]   tfw-abuse-reform.mp3 (74 KB)
  [GEN]  tfw-abuse-timeline — 153 chars
  [OK]   tfw-abuse-timeline.mp3 (68 KB)

Processing my-story.html (12 narration nodes found)
  [GEN]  my-story-n-aa487e52 — 166 chars
  [OK]   my-story-n-aa487e52.mp3 (73 KB)
  [GEN]  my-story-discovery — 168 chars
  [OK]   my-story-discovery.mp3 (76 KB)
  [GEN]  my-story-retaliation — 105 chars
  [OK]   my-story-retaliation.mp3 (50 KB)
  [GEN]  my-story-six-years — 109 chars
  [OK]   my-story-six-years.mp3 (52 KB)
  [GEN]  my-story-pattern — 91 chars
  [OK]   my-story-pattern.mp3 (42 KB)
  [GEN]  my-story-diagnosis — 92 chars
  [OK]   my-story-diagnosis.mp3 (43 KB)
  [GEN]  my-story-foreign-interference — 103 chars
  [OK]   my-story-foreign-interference.mp3 (45 KB)
  [GEN]  my-story-cost — 101 chars
  [OK]   my-story-cost.mp3 (48 KB)
  [GEN]  my-story-system — 96 chars
  [OK]   my-story-system.mp3 (44 KB)
  [GEN]  my-story-demands — 91 chars
  [OK]   my-story-demands.mp3 (42 KB)
  [GEN]  my-story-action — 85 chars
  [OK]   my-story-action.mp3 (39 KB)
  [GEN]  my-story-connected — 99 chars
  [OK]   my-story-connected.mp3 (44 KB)

Processing procurement-registry.html (1 narration nodes found)
  [GEN]  procurement-registry-n-c3172599 — 241 chars
  [OK]   procurement-registry-n-c3172599.mp3 (113 KB)

Processing bloggins.html (1 narration nodes found)
  [GEN]  bloggins-n-fc7381aa — 177 chars
  [OK]   bloggins-n-fc7381aa.mp3 (101 KB)

Processing hansard-evidence.html (12 narration nodes found)
  [GEN]  hansard-evidence-n-2b7eda68 — 168 chars
  [OK]   hansard-evidence-n-2b7eda68.mp3 (79 KB)
  [GEN]  hansard-evidence-node-2 — 108 chars
  [OK]   hansard-evidence-node-2.mp3 (51 KB)
  [GEN]  hansard-evidence-node-3 — 110 chars
  [OK]   hansard-evidence-node-3.mp3 (46 KB)
  [GEN]  hansard-evidence-node-4 — 115 chars
  [OK]   hansard-evidence-node-4.mp3 (48 KB)
  [GEN]  hansard-evidence-node-5 — 114 chars
  [OK]   hansard-evidence-node-5.mp3 (51 KB)
  [GEN]  hansard-evidence-node-6 — 101 chars
  [OK]   hansard-evidence-node-6.mp3 (53 KB)
  [GEN]  hansard-evidence-node-7 — 97 chars
  [OK]   hansard-evidence-node-7.mp3 (48 KB)
  [GEN]  hansard-evidence-node-8 — 103 chars
  [OK]   hansard-evidence-node-8.mp3 (46 KB)
  [GEN]  hansard-evidence-node-9 — 107 chars
  [OK]   hansard-evidence-node-9.mp3 (48 KB)
  [GEN]  hansard-evidence-node-10 — 104 chars
  [OK]   hansard-evidence-node-10.mp3 (46 KB)
  [GEN]  hansard-evidence-node-11 — 125 chars
  [OK]   hansard-evidence-node-11.mp3 (60 KB)
  [GEN]  hansard-evidence-node-12 — 134 chars
  [OK]   hansard-evidence-node-12.mp3 (55 KB)

Processing search.html (1 narration nodes found)
  [GEN]  search-n-e478024d — 133 chars
  [OK]   search-n-e478024d.mp3 (62 KB)

Processing faq.html (12 narration nodes found)
  [GEN]  faq-n-1a3d5346 — 173 chars
  [OK]   faq-n-1a3d5346.mp3 (72 KB)
  [GEN]  faq-node-2 — 143 chars
  [OK]   faq-node-2.mp3 (63 KB)
  [GEN]  faq-node-3 — 108 chars
  [OK]   faq-node-3.mp3 (49 KB)
  [GEN]  faq-node-4 — 106 chars
  [OK]   faq-node-4.mp3 (47 KB)
  [GEN]  faq-node-5 — 95 chars
  [OK]   faq-node-5.mp3 (44 KB)
  [GEN]  faq-node-6 — 113 chars
  [OK]   faq-node-6.mp3 (53 KB)
  [GEN]  faq-node-7 — 110 chars
  [OK]   faq-node-7.mp3 (49 KB)
  [GEN]  faq-node-8 — 113 chars
  [OK]   faq-node-8.mp3 (50 KB)
  [GEN]  faq-objection-8 — 101 chars
  [OK]   faq-objection-8.mp3 (48 KB)
  [GEN]  faq-objection-9 — 107 chars
  [OK]   faq-objection-9.mp3 (49 KB)
  [GEN]  faq-objection-10 — 100 chars
  [OK]   faq-objection-10.mp3 (45 KB)
  [GEN]  faq-action — 113 chars
  [OK]   faq-action.mp3 (51 KB)

Processing legal.html (9 narration nodes found)
  [GEN]  legal-n-2294c51e — 260 chars
  [OK]   legal-n-2294c51e.mp3 (105 KB)
  [GEN]  legal-s504 — 118 chars
  [OK]   legal-s504.mp3 (52 KB)
  [GEN]  legal-psdpa — 130 chars
  [OK]   legal-psdpa.mp3 (54 KB)
  [GEN]  legal-comparison — 131 chars
  [OK]   legal-comparison.mp3 (56 KB)
  [GEN]  legal-fi-laws — 130 chars
  [OK]   legal-fi-laws.mp3 (54 KB)
  [GEN]  legal-c70 — 113 chars
  [OK]   legal-c70.mp3 (53 KB)
  [GEN]  legal-reform — 124 chars
  [OK]   legal-reform.mp3 (53 KB)
  [GEN]  legal-magnitsky — 125 chars
  [OK]   legal-magnitsky.mp3 (58 KB)
  [GEN]  legal-action — 116 chars
  [OK]   legal-action.mp3 (51 KB)

Processing toronto.html (6 narration nodes found)
  [GEN]  toronto-n-2076bf61 — 96 chars
  [OK]   toronto-n-2076bf61.mp3 (61 KB)
  [GEN]  toronto-node-2 — 89 chars
  [OK]   toronto-node-2.mp3 (41 KB)
  [GEN]  toronto-matrix-discovery — 110 chars
  [OK]   toronto-matrix-discovery.mp3 (48 KB)
  [GEN]  toronto-node-4 — 94 chars
  [OK]   toronto-node-4.mp3 (45 KB)
  [GEN]  toronto-node-5 — 101 chars
  [OK]   toronto-node-5.mp3 (52 KB)
  [GEN]  toronto-node-6 — 87 chars
  [OK]   toronto-node-6.mp3 (41 KB)

Processing architecture.html (1 narration nodes found)
  [GEN]  architecture-n-b14a17f5 — 98 chars
  [OK]   architecture-n-b14a17f5.mp3 (48 KB)

Processing calgary.html (4 narration nodes found)
  [GEN]  calgary-n-551eb64c — 96 chars
  [OK]   calgary-n-551eb64c.mp3 (47 KB)
  [GEN]  calgary-node-2 — 97 chars
  [OK]   calgary-node-2.mp3 (44 KB)
  [GEN]  calgary-node-3 — 83 chars
  [OK]   calgary-node-3.mp3 (47 KB)
  [GEN]  calgary-node-4 — 85 chars
  [OK]   calgary-node-4.mp3 (40 KB)

Processing genocide-evidence.html (7 narration nodes found)
  [GEN]  genocide-evidence-n-8c12dbcf — 313 chars
  [OK]   genocide-evidence-n-8c12dbcf.mp3 (123 KB)
  [GEN]  genocide-evidence-node-2 — 175 chars
  [OK]   genocide-evidence-node-2.mp3 (74 KB)
  [GEN]  genocide-evidence-node-3 — 183 chars
  [OK]   genocide-evidence-node-3.mp3 (74 KB)
  [GEN]  genocide-evidence-node-4 — 184 chars
  [OK]   genocide-evidence-node-4.mp3 (80 KB)
  [GEN]  genocide-evidence-node-5 — 177 chars
  [OK]   genocide-evidence-node-5.mp3 (76 KB)
  [GEN]  genocide-evidence-node-6 — 143 chars
  [OK]   genocide-evidence-node-6.mp3 (59 KB)
  [GEN]  genocide-evidence-node-7 — 168 chars
  [OK]   genocide-evidence-node-7.mp3 (67 KB)

Processing whistleblower-guide.html (9 narration nodes found)
  [GEN]  whistleblower-guide-n-47cf23a3 — 184 chars
  [OK]   whistleblower-guide-n-47cf23a3.mp3 (72 KB)
  [GEN]  whistleblower-guide-protections — 124 chars
  [OK]   whistleblower-guide-protections.mp3 (64 KB)
  [GEN]  whistleblower-guide-cfnis-steps — 111 chars
  [OK]   whistleblower-guide-cfnis-steps.mp3 (51 KB)
  [GEN]  whistleblower-guide-psdpa-steps — 110 chars
  [OK]   whistleblower-guide-psdpa-steps.mp3 (50 KB)
  [GEN]  whistleblower-guide-s504 — 114 chars
  [OK]   whistleblower-guide-s504.mp3 (52 KB)
  [GEN]  whistleblower-guide-dpp — 109 chars
  [OK]   whistleblower-guide-dpp.mp3 (48 KB)
  [GEN]  whistleblower-guide-contacts — 95 chars
  [OK]   whistleblower-guide-contacts.mp3 (44 KB)
  [GEN]  whistleblower-guide-this-site — 100 chars
  [OK]   whistleblower-guide-this-site.mp3 (43 KB)
  [GEN]  whistleblower-guide-take-action — 97 chars
  [OK]   whistleblower-guide-take-action.mp3 (42 KB)

Processing red-duster-game.html (1 narration nodes found)
  [GEN]  red-duster-game-n-59433e3b — 189 chars
  [OK]   red-duster-game-n-59433e3b.mp3 (122 KB)

Processing evidence-index.html (2 narration nodes found)
  [GEN]  evidence-index-n-5019d96f — 158 chars
  [OK]   evidence-index-n-5019d96f.mp3 (76 KB)
  [GEN]  evidence-index-node-2 — 497 chars
  [OK]   evidence-index-node-2.mp3 (209 KB)

Processing treason-trajectory.html (29 narration nodes found)
  [GEN]  treason-trajectory-n-f86f8c23 — 98 chars
  [OK]   treason-trajectory-n-f86f8c23.mp3 (59 KB)
  [GEN]  treason-trajectory-node-2 — 180 chars
  [OK]   treason-trajectory-node-2.mp3 (80 KB)
  [GEN]  treason-trajectory-node-3 — 216 chars
  [OK]   treason-trajectory-node-3.mp3 (89 KB)
  [GEN]  treason-trajectory-node-4 — 194 chars
  [OK]   treason-trajectory-node-4.mp3 (97 KB)
  [GEN]  treason-trajectory-node-5 — 212 chars
  [OK]   treason-trajectory-node-5.mp3 (95 KB)
  [GEN]  treason-trajectory-node-6 — 216 chars
  [OK]   treason-trajectory-node-6.mp3 (84 KB)
  [GEN]  treason-trajectory-node-7 — 214 chars
  [OK]   treason-trajectory-node-7.mp3 (91 KB)
  [GEN]  treason-trajectory-node-8 — 169 chars
  [OK]   treason-trajectory-node-8.mp3 (69 KB)
  [GEN]  treason-trajectory-node-9 — 120 chars
  [OK]   treason-trajectory-node-9.mp3 (57 KB)
  [GEN]  treason-trajectory-node-10 — 219 chars
  [OK]   treason-trajectory-node-10.mp3 (86 KB)
  [GEN]  treason-trajectory-node-11 — 187 chars
  [OK]   treason-trajectory-node-11.mp3 (87 KB)
  [GEN]  treason-trajectory-node-12 — 183 chars
  [OK]   treason-trajectory-node-12.mp3 (85 KB)
  [GEN]  treason-trajectory-node-13 — 213 chars
  [OK]   treason-trajectory-node-13.mp3 (93 KB)
  [GEN]  treason-trajectory-node-14 — 190 chars
  [OK]   treason-trajectory-node-14.mp3 (93 KB)
  [GEN]  treason-trajectory-node-15 — 177 chars
  [OK]   treason-trajectory-node-15.mp3 (72 KB)
  [GEN]  treason-trajectory-node-16 — 170 chars
  [OK]   treason-trajectory-node-16.mp3 (66 KB)
  [GEN]  treason-trajectory-node-17 — 196 chars
  [OK]   treason-trajectory-node-17.mp3 (82 KB)
  [GEN]  treason-trajectory-node-18 — 180 chars
  [OK]   treason-trajectory-node-18.mp3 (76 KB)
  [GEN]  treason-trajectory-node-19 — 227 chars
  [OK]   treason-trajectory-node-19.mp3 (93 KB)
  [GEN]  treason-trajectory-node-20 — 151 chars
  [OK]   treason-trajectory-node-20.mp3 (62 KB)
  [GEN]  treason-trajectory-node-21 — 204 chars
  [OK]   treason-trajectory-node-21.mp3 (81 KB)
  [GEN]  treason-trajectory-node-22 — 173 chars
  [OK]   treason-trajectory-node-22.mp3 (67 KB)
  [GEN]  treason-trajectory-node-23 — 201 chars
  [OK]   treason-trajectory-node-23.mp3 (82 KB)
  [GEN]  treason-trajectory-node-24 — 212 chars
  [OK]   treason-trajectory-node-24.mp3 (97 KB)
  [GEN]  treason-trajectory-node-25 — 243 chars
  [OK]   treason-trajectory-node-25.mp3 (91 KB)
  [GEN]  treason-trajectory-node-26 — 162 chars
  [OK]   treason-trajectory-node-26.mp3 (68 KB)
  [GEN]  treason-trajectory-node-27 — 185 chars
  [OK]   treason-trajectory-node-27.mp3 (68 KB)
  [GEN]  treason-trajectory-node-28 — 146 chars
  [OK]   treason-trajectory-node-28.mp3 (64 KB)
  [GEN]  treason-trajectory-node-29 — 171 chars
  [OK]   treason-trajectory-node-29.mp3 (66 KB)

Processing ag-findings.html (4 narration nodes found)
  [GEN]  ag-findings-ag-hero — 186 chars
  [OK]   ag-findings-ag-hero.mp3 (88 KB)
  [GEN]  ag-findings-ag-arrivecan — 186 chars
  [OK]   ag-findings-ag-arrivecan.mp3 (75 KB)
  [GEN]  ag-findings-ag-phoenix — 233 chars
  [OK]   ag-findings-ag-phoenix.mp3 (94 KB)
  [GEN]  ag-findings-ag-cerb — 209 chars
  [OK]   ag-findings-ag-cerb.mp3 (78 KB)

Processing contributions-tracker.html (1 narration nodes found)
  [GEN]  contributions-tracker-n-888debe9 — 74 chars
  [OK]   contributions-tracker-n-888debe9.mp3 (41 KB)

Processing indigenous-accountability.html (8 narration nodes found)
  [GEN]  indigenous-accountability-n-11d41e76 — 87 chars
  [OK]   indigenous-accountability-n-11d41e76.mp3 (44 KB)
  [GEN]  indigenous-accountability-node-2 — 150 chars
  [OK]   indigenous-accountability-node-2.mp3 (76 KB)
  [GEN]  indigenous-accountability-node-3 — 210 chars
  [OK]   indigenous-accountability-node-3.mp3 (102 KB)
  [GEN]  indigenous-accountability-node-4 — 163 chars
  [OK]   indigenous-accountability-node-4.mp3 (74 KB)
  [GEN]  indigenous-accountability-node-5 — 211 chars
  [OK]   indigenous-accountability-node-5.mp3 (82 KB)
  [GEN]  indigenous-accountability-node-6 — 190 chars
  [OK]   indigenous-accountability-node-6.mp3 (94 KB)
  [GEN]  indigenous-accountability-node-7 — 179 chars
  [OK]   indigenous-accountability-node-7.mp3 (75 KB)
  [GEN]  indigenous-accountability-node-8 — 202 chars
  [OK]   indigenous-accountability-node-8.mp3 (81 KB)

Processing arms-pipeline.html (5 narration nodes found)
  [GEN]  arms-pipeline-n-34b1e3c8 — 231 chars
  [OK]   arms-pipeline-n-34b1e3c8.mp3 (119 KB)
  [GEN]  arms-pipeline-node-2 — 157 chars
  [OK]   arms-pipeline-node-2.mp3 (69 KB)
  [GEN]  arms-pipeline-node-3 — 148 chars
  [OK]   arms-pipeline-node-3.mp3 (63 KB)
  [GEN]  arms-pipeline-node-4 — 146 chars
  [OK]   arms-pipeline-node-4.mp3 (59 KB)
  [GEN]  arms-pipeline-node-5 — 140 chars
  [OK]   arms-pipeline-node-5.mp3 (58 KB)

Processing entity-viewer.html (1 narration nodes found)
  [GEN]  entity-viewer-n-625fe066 — 100 chars
  [OK]   entity-viewer-n-625fe066.mp3 (48 KB)

Processing cfnis.html (13 narration nodes found)
  [GEN]  cfnis-cfnis-hero — 254 chars
  [OK]   cfnis-cfnis-hero.mp3 (93 KB)
  [GEN]  cfnis-what — 209 chars
  [OK]   cfnis-what.mp3 (86 KB)
  [GEN]  cfnis-mpcc — 228 chars
  [OK]   cfnis-mpcc.mp3 (93 KB)
  [GEN]  cfnis-parliament — 312 chars
  [OK]   cfnis-parliament.mp3 (123 KB)
  [GEN]  cfnis-gap — 221 chars
  [OK]   cfnis-gap.mp3 (91 KB)
  [GEN]  cfnis-rights — 362 chars
  [OK]   cfnis-rights.mp3 (152 KB)
  [GEN]  cfnis-accountability — 332 chars
  [OK]   cfnis-accountability.mp3 (136 KB)
  [GEN]  cfnis-mp-targeting — 258 chars
  [OK]   cfnis-mp-targeting.mp3 (94 KB)
  [GEN]  cfnis-policing-complicity — 357 chars
  [OK]   cfnis-policing-complicity.mp3 (144 KB)
  [GEN]  cfnis-magic-handoff — 401 chars
  [OK]   cfnis-magic-handoff.mp3 (177 KB)
  [GEN]  cfnis-reform — 338 chars
  [OK]   cfnis-reform.mp3 (147 KB)
  [GEN]  cfnis-command-chain — 369 chars
  [OK]   cfnis-command-chain.mp3 (172 KB)
  [GEN]  cfnis-osint-feed — 246 chars
  [OK]   cfnis-osint-feed.mp3 (124 KB)

Processing provincial-analysis.html (5 narration nodes found)
  [GEN]  provincial-analysis-n-4e6cc539 — 234 chars
  [OK]   provincial-analysis-n-4e6cc539.mp3 (105 KB)
  [GEN]  provincial-analysis-node-2 — 101 chars
  [OK]   provincial-analysis-node-2.mp3 (46 KB)
  [GEN]  provincial-analysis-node-3 — 105 chars
  [OK]   provincial-analysis-node-3.mp3 (46 KB)
  [GEN]  provincial-analysis-node-4 — 109 chars
  [OK]   provincial-analysis-node-4.mp3 (45 KB)
  [GEN]  provincial-analysis-node-5 — 106 chars
  [OK]   provincial-analysis-node-5.mp3 (46 KB)

Processing lobbying-tracker.html (1 narration nodes found)
  [GEN]  lobbying-tracker-n-f29d3e87 — 117 chars
  [OK]   lobbying-tracker-n-f29d3e87.mp3 (52 KB)

Processing infographics.html (3 narration nodes found)
  [GEN]  infographics-n-45c941a2 — 182 chars
  [OK]   infographics-n-45c941a2.mp3 (93 KB)
  [GEN]  infographics-share — 100 chars
  [OK]   infographics-share.mp3 (44 KB)
  [GEN]  infographics-node-3 — 94 chars
  [OK]   infographics-node-3.mp3 (43 KB)

Processing acelephius-wardoll.html (10 narration nodes found)
  [GEN]  acelephius-wardoll-n-48a3ae81 — 184 chars
  [OK]   acelephius-wardoll-n-48a3ae81.mp3 (95 KB)
  [GEN]  acelephius-wardoll-node-2 — 116 chars
  [OK]   acelephius-wardoll-node-2.mp3 (51 KB)
  [GEN]  acelephius-wardoll-node-3 — 93 chars
  [OK]   acelephius-wardoll-node-3.mp3 (41 KB)
  [GEN]  acelephius-wardoll-node-4 — 100 chars
  [OK]   acelephius-wardoll-node-4.mp3 (42 KB)
  [GEN]  acelephius-wardoll-node-5 — 95 chars
  [OK]   acelephius-wardoll-node-5.mp3 (44 KB)
  [GEN]  acelephius-wardoll-node-6 — 98 chars
  [OK]   acelephius-wardoll-node-6.mp3 (46 KB)
  [GEN]  acelephius-wardoll-node-7 — 90 chars
  [OK]   acelephius-wardoll-node-7.mp3 (44 KB)
  [GEN]  acelephius-wardoll-node-8 — 89 chars
  [OK]   acelephius-wardoll-node-8.mp3 (43 KB)
  [GEN]  acelephius-wardoll-node-9 — 81 chars
  [OK]   acelephius-wardoll-node-9.mp3 (41 KB)
  [GEN]  acelephius-wardoll-node-10 — 88 chars
  [OK]   acelephius-wardoll-node-10.mp3 (40 KB)

Processing dossier-viewer.html (2 narration nodes found)
  [GEN]  dossier-viewer-n-92c85630 — 82 chars
  [OK]   dossier-viewer-n-92c85630.mp3 (42 KB)
  [GEN]  dossier-viewer-node-2 — 90 chars
  [OK]   dossier-viewer-node-2.mp3 (42 KB)

Processing carney-conflicts.html (11 narration nodes found)
  [GEN]  carney-conflicts-n-20d1a906 — 80 chars
  [OK]   carney-conflicts-n-20d1a906.mp3 (42 KB)
  [GEN]  carney-conflicts-node-2 — 327 chars
  [OK]   carney-conflicts-node-2.mp3 (152 KB)
  [GEN]  carney-conflicts-node-3 — 189 chars
  [OK]   carney-conflicts-node-3.mp3 (76 KB)
  [GEN]  carney-conflicts-node-4 — 192 chars
  [OK]   carney-conflicts-node-4.mp3 (80 KB)
  [GEN]  carney-conflicts-node-5 — 574 chars
  [OK]   carney-conflicts-node-5.mp3 (228 KB)
  [GEN]  carney-conflicts-node-6 — 188 chars
  [OK]   carney-conflicts-node-6.mp3 (83 KB)
  [GEN]  carney-conflicts-node-7 — 188 chars
  [OK]   carney-conflicts-node-7.mp3 (79 KB)
  [GEN]  carney-conflicts-node-8 — 179 chars
  [OK]   carney-conflicts-node-8.mp3 (69 KB)
  [GEN]  carney-conflicts-node-9 — 156 chars
  [OK]   carney-conflicts-node-9.mp3 (66 KB)
  [GEN]  carney-conflicts-node-10 — 403 chars
  [OK]   carney-conflicts-node-10.mp3 (188 KB)
  [GEN]  carney-conflicts-node-11 — 245 chars
  [OK]   carney-conflicts-node-11.mp3 (103 KB)

Processing open-letter.html (5 narration nodes found)
  [GEN]  open-letter-n-d49f962a — 250 chars
  [OK]   open-letter-n-d49f962a.mp3 (91 KB)
  [GEN]  open-letter-letter — 98 chars
  [OK]   open-letter-letter.mp3 (44 KB)
  [GEN]  open-letter-what-happens-next — 102 chars
  [OK]   open-letter-what-happens-next.mp3 (49 KB)
  [GEN]  open-letter-send — 93 chars
  [OK]   open-letter-send.mp3 (41 KB)
  [GEN]  open-letter-connected — 105 chars
  [OK]   open-letter-connected.mp3 (45 KB)

Processing 5gw-subversion.html (9 narration nodes found)
  [GEN]  5gw-subversion-n-93677cff — 142 chars
  [OK]   5gw-subversion-n-93677cff.mp3 (58 KB)
  [GEN]  5gw-subversion-node-2 — 169 chars
  [OK]   5gw-subversion-node-2.mp3 (65 KB)
  [GEN]  5gw-subversion-node-3 — 184 chars
  [OK]   5gw-subversion-node-3.mp3 (70 KB)
  [GEN]  5gw-subversion-node-4 — 206 chars
  [OK]   5gw-subversion-node-4.mp3 (78 KB)
  [GEN]  5gw-subversion-node-5 — 172 chars
  [OK]   5gw-subversion-node-5.mp3 (68 KB)
  [GEN]  5gw-subversion-node-6 — 169 chars
  [OK]   5gw-subversion-node-6.mp3 (70 KB)
  [GEN]  5gw-subversion-node-7 — 165 chars
  [OK]   5gw-subversion-node-7.mp3 (64 KB)
  [GEN]  5gw-subversion-node-8 — 180 chars
  [OK]   5gw-subversion-node-8.mp3 (77 KB)
  [GEN]  5gw-subversion-node-9 — 181 chars
  [OK]   5gw-subversion-node-9.mp3 (79 KB)

Processing quinte-west.html (7 narration nodes found)
  [GEN]  quinte-west-n-8cfbc106 — 85 chars
  [OK]   quinte-west-n-8cfbc106.mp3 (43 KB)
  [GEN]  quinte-west-node-2 — 110 chars
  [OK]   quinte-west-node-2.mp3 (57 KB)
  [GEN]  quinte-west-node-3 — 105 chars
  [OK]   quinte-west-node-3.mp3 (49 KB)
  [GEN]  quinte-west-node-4 — 91 chars
  [OK]   quinte-west-node-4.mp3 (46 KB)
  [GEN]  quinte-west-node-5 — 99 chars
  [OK]   quinte-west-node-5.mp3 (46 KB)
  [GEN]  quinte-west-node-6 — 95 chars
  [OK]   quinte-west-node-6.mp3 (49 KB)
  [GEN]  quinte-west-node-7 — 83 chars
  [OK]   quinte-west-node-7.mp3 (41 KB)

Processing accountability.html (3 narration nodes found)
  [GEN]  accountability-n-916fb804 — 335 chars
  [OK]   accountability-n-916fb804.mp3 (144 KB)
  [GEN]  accountability-node-2 — 382 chars
  [OK]   accountability-node-2.mp3 (165 KB)
  [GEN]  accountability-node-3 — 116 chars
  [OK]   accountability-node-3.mp3 (50 KB)

Processing report-generator.html (1 narration nodes found)
  [GEN]  report-generator-n-d0046117 — 145 chars
  [OK]   report-generator-n-d0046117.mp3 (70 KB)

Processing wef-davos.html (10 narration nodes found)
  [GEN]  wef-davos-n-a8c73337 — 466 chars
  [OK]   wef-davos-n-a8c73337.mp3 (186 KB)
  [GEN]  wef-davos-node-2 — 161 chars
  [OK]   wef-davos-node-2.mp3 (66 KB)
  [GEN]  wef-davos-node-3 — 146 chars
  [OK]   wef-davos-node-3.mp3 (63 KB)
  [GEN]  wef-davos-node-4 — 159 chars
  [OK]   wef-davos-node-4.mp3 (63 KB)
  [GEN]  wef-davos-node-5 — 165 chars
  [OK]   wef-davos-node-5.mp3 (72 KB)
  [GEN]  wef-davos-node-6 — 149 chars
  [OK]   wef-davos-node-6.mp3 (73 KB)
  [GEN]  wef-davos-node-7 — 158 chars
  [OK]   wef-davos-node-7.mp3 (68 KB)
  [GEN]  wef-davos-node-8 — 182 chars
  [OK]   wef-davos-node-8.mp3 (80 KB)
  [GEN]  wef-davos-node-9 — 172 chars
  [OK]   wef-davos-node-9.mp3 (77 KB)
  [GEN]  wef-davos-node-10 — 160 chars
  [OK]   wef-davos-node-10.mp3 (73 KB)

Processing mp-scorecard.html (3 narration nodes found)
  [GEN]  mp-scorecard-n-7fdabe31 — 193 chars
  [OK]   mp-scorecard-n-7fdabe31.mp3 (105 KB)
  [GEN]  mp-scorecard-node-2 — 275 chars
  [OK]   mp-scorecard-node-2.mp3 (133 KB)
  [GEN]  mp-scorecard-node-3 — 412 chars
  [OK]   mp-scorecard-node-3.mp3 (193 KB)

Processing hansard-dashboard.html (9 narration nodes found)
  [GEN]  hansard-dashboard-n-7103e989 — 110 chars
  [OK]   hansard-dashboard-n-7103e989.mp3 (55 KB)
  [GEN]  hansard-dashboard-node-2 — 111 chars
  [OK]   hansard-dashboard-node-2.mp3 (46 KB)
  [GEN]  hansard-dashboard-node-3 — 88 chars
  [OK]   hansard-dashboard-node-3.mp3 (41 KB)
  [GEN]  hansard-dashboard-node-4 — 93 chars
  [OK]   hansard-dashboard-node-4.mp3 (44 KB)
  [GEN]  hansard-dashboard-node-5 — 97 chars
  [OK]   hansard-dashboard-node-5.mp3 (42 KB)
  [GEN]  hansard-dashboard-node-6 — 87 chars
  [OK]   hansard-dashboard-node-6.mp3 (40 KB)
  [GEN]  hansard-dashboard-node-7 — 123 chars
  [OK]   hansard-dashboard-node-7.mp3 (58 KB)
  [GEN]  hansard-dashboard-node-8 — 111 chars
  [OK]   hansard-dashboard-node-8.mp3 (53 KB)
  [GEN]  hansard-dashboard-node-9 — 92 chars
  [OK]   hansard-dashboard-node-9.mp3 (44 KB)

Processing elections-finance.html (9 narration nodes found)
  [GEN]  elections-finance-n-948f3320 — 175 chars
  [OK]   elections-finance-n-948f3320.mp3 (73 KB)
  [GEN]  elections-finance-node-2 — 118 chars
  [OK]   elections-finance-node-2.mp3 (59 KB)
  [GEN]  elections-finance-node-3 — 102 chars
  [OK]   elections-finance-node-3.mp3 (49 KB)
  [GEN]  elections-finance-node-4 — 119 chars
  [OK]   elections-finance-node-4.mp3 (53 KB)
  [GEN]  elections-finance-node-5 — 120 chars
  [OK]   elections-finance-node-5.mp3 (48 KB)
  [GEN]  elections-finance-node-6 — 120 chars
  [OK]   elections-finance-node-6.mp3 (56 KB)
  [GEN]  elections-finance-node-7 — 104 chars
  [OK]   elections-finance-node-7.mp3 (52 KB)
  [GEN]  elections-finance-node-8 — 96 chars
  [OK]   elections-finance-node-8.mp3 (46 KB)
  [GEN]  elections-finance-node-9 — 116 chars
  [OK]   elections-finance-node-9.mp3 (53 KB)

Processing auth-callback.html (1 narration nodes found)
  [GEN]  auth-callback-n-54ea3c98 — 42 chars
  [OK]   auth-callback-n-54ea3c98.mp3 (28 KB)

Processing history.html (8 narration nodes found)
  [GEN]  history-n-29073df3 — 257 chars
  [OK]   history-n-29073df3.mp3 (104 KB)
  [GEN]  history-pattern — 118 chars
  [OK]   history-pattern.mp3 (50 KB)
  [GEN]  history-trc — 124 chars
  [OK]   history-trc.mp3 (51 KB)
  [GEN]  history-medical — 118 chars
  [OK]   history-medical.mp3 (51 KB)
  [GEN]  history-whistleblowers — 118 chars
  [OK]   history-whistleblowers.mp3 (51 KB)
  [GEN]  history-maid-history — 117 chars
  [OK]   history-maid-history.mp3 (50 KB)
  [GEN]  history-question — 117 chars
  [OK]   history-question.mp3 (51 KB)
  [GEN]  history-action — 113 chars
  [OK]   history-action.mp3 (50 KB)

Processing charges-sheet.html (2 narration nodes found)
  [GEN]  charges-sheet-n-9e7749f1 — 226 chars
  [OK]   charges-sheet-n-9e7749f1.mp3 (111 KB)
  [GEN]  charges-sheet-node-2 — 166 chars
  [OK]   charges-sheet-node-2.mp3 (84 KB)

Processing rcmp-complicity.html (7 narration nodes found)
  [GEN]  rcmp-complicity-n-ca6da96a — 167 chars
  [OK]   rcmp-complicity-n-ca6da96a.mp3 (70 KB)
  [GEN]  rcmp-complicity-node-2 — 399 chars
  [OK]   rcmp-complicity-node-2.mp3 (180 KB)
  [GEN]  rcmp-complicity-node-3 — 344 chars
  [OK]   rcmp-complicity-node-3.mp3 (156 KB)
  [GEN]  rcmp-complicity-node-4 — 396 chars
  [OK]   rcmp-complicity-node-4.mp3 (154 KB)
  [GEN]  rcmp-complicity-node-5 — 370 chars
  [OK]   rcmp-complicity-node-5.mp3 (159 KB)
  [GEN]  rcmp-complicity-node-6 — 342 chars
  [OK]   rcmp-complicity-node-6.mp3 (129 KB)
  [GEN]  rcmp-complicity-connected — 171 chars
  [OK]   rcmp-complicity-connected.mp3 (73 KB)

Processing t4-comparison.html (6 narration nodes found)
  [GEN]  t4-comparison-n-e1896db5 — 104 chars
  [OK]   t4-comparison-n-e1896db5.mp3 (46 KB)
  [GEN]  t4-comparison-node-2 — 75 chars
  [OK]   t4-comparison-node-2.mp3 (39 KB)
  [GEN]  t4-comparison-node-3 — 91 chars
  [OK]   t4-comparison-node-3.mp3 (41 KB)
  [GEN]  t4-comparison-node-4 — 84 chars
  [OK]   t4-comparison-node-4.mp3 (40 KB)
  [GEN]  t4-comparison-node-5 — 95 chars
  [OK]   t4-comparison-node-5.mp3 (42 KB)
  [GEN]  t4-comparison-node-6 — 78 chars
  [OK]   t4-comparison-node-6.mp3 (38 KB)

Processing arrivecan.html (9 narration nodes found)
  [GEN]  arrivecan-arrivecan-hero — 250 chars
  [OK]   arrivecan-arrivecan-hero.mp3 (109 KB)
  [GEN]  arrivecan-node-2 — 180 chars
  [OK]   arrivecan-node-2.mp3 (91 KB)
  [GEN]  arrivecan-node-3 — 337 chars
  [OK]   arrivecan-node-3.mp3 (152 KB)
  [GEN]  arrivecan-arrivecan-chain — 250 chars
  [OK]   arrivecan-arrivecan-chain.mp3 (97 KB)
  [GEN]  arrivecan-arrivecan-bugs — 233 chars
  [OK]   arrivecan-arrivecan-bugs.mp3 (100 KB)
  [GEN]  arrivecan-arrivecan-players — 197 chars
  [OK]   arrivecan-arrivecan-players.mp3 (73 KB)
  [GEN]  arrivecan-node-7 — 297 chars
  [OK]   arrivecan-node-7.mp3 (123 KB)
  [GEN]  arrivecan-node-8 — 349 chars
  [OK]   arrivecan-node-8.mp3 (154 KB)
  [GEN]  arrivecan-node-9 — 253 chars
  [OK]   arrivecan-node-9.mp3 (104 KB)

Processing charity-pipeline.html (5 narration nodes found)
  [GEN]  charity-pipeline-n-ec47723b — 232 chars
  [OK]   charity-pipeline-n-ec47723b.mp3 (124 KB)
  [GEN]  charity-pipeline-node-2 — 160 chars
  [OK]   charity-pipeline-node-2.mp3 (72 KB)
  [GEN]  charity-pipeline-node-3 — 185 chars
  [OK]   charity-pipeline-node-3.mp3 (78 KB)
  [GEN]  charity-pipeline-node-4 — 182 chars
  [OK]   charity-pipeline-node-4.mp3 (76 KB)
  [GEN]  charity-pipeline-node-5 — 186 chars
  [OK]   charity-pipeline-node-5.mp3 (72 KB)

Processing campaign-generator.html (1 narration nodes found)
  [GEN]  campaign-generator-n-6d3ae643 — 87 chars
  [OK]   campaign-generator-n-6d3ae643.mp3 (41 KB)

Processing procurement-deep-dive.html (6 narration nodes found)
  [GEN]  procurement-deep-dive-n-9dbf4110 — 314 chars
  [OK]   procurement-deep-dive-n-9dbf4110.mp3 (149 KB)
  [GEN]  procurement-deep-dive-node-2 — 101 chars
  [OK]   procurement-deep-dive-node-2.mp3 (46 KB)
  [GEN]  procurement-deep-dive-node-3 — 89 chars
  [OK]   procurement-deep-dive-node-3.mp3 (43 KB)
  [GEN]  procurement-deep-dive-node-4 — 77 chars
  [OK]   procurement-deep-dive-node-4.mp3 (37 KB)
  [GEN]  procurement-deep-dive-node-5 — 97 chars
  [OK]   procurement-deep-dive-node-5.mp3 (44 KB)
  [GEN]  procurement-deep-dive-node-6 — 80 chars
  [OK]   procurement-deep-dive-node-6.mp3 (40 KB)

Processing criminal-code-analysis.html (8 narration nodes found)
  [GEN]  criminal-code-analysis-node-1 — 121 chars
  [OK]   criminal-code-analysis-node-1.mp3 (77 KB)
  [GEN]  criminal-code-analysis-n-2ce90f11 — 300 chars
  [OK]   criminal-code-analysis-n-2ce90f11.mp3 (128 KB)
  [GEN]  criminal-code-analysis-node-3 — 274 chars
  [OK]   criminal-code-analysis-node-3.mp3 (110 KB)
  [GEN]  criminal-code-analysis-node-4 — 320 chars
  [OK]   criminal-code-analysis-node-4.mp3 (128 KB)
  [GEN]  criminal-code-analysis-node-5 — 248 chars
  [OK]   criminal-code-analysis-node-5.mp3 (110 KB)
  [GEN]  criminal-code-analysis-node-6 — 378 chars
  [OK]   criminal-code-analysis-node-6.mp3 (154 KB)
  [GEN]  criminal-code-analysis-node-7 — 400 chars
  [OK]   criminal-code-analysis-node-7.mp3 (179 KB)
  [GEN]  criminal-code-analysis-node-8 — 338 chars
  [OK]   criminal-code-analysis-node-8.mp3 (139 KB)

Processing municipal-intelligence.html (5 narration nodes found)
  [GEN]  municipal-intelligence-n-776ff1ea — 118 chars
  [OK]   municipal-intelligence-n-776ff1ea.mp3 (58 KB)
  [GEN]  municipal-intelligence-node-2 — 87 chars
  [OK]   municipal-intelligence-node-2.mp3 (42 KB)
  [GEN]  municipal-intelligence-node-3 — 77 chars
  [OK]   municipal-intelligence-node-3.mp3 (39 KB)
  [GEN]  municipal-intelligence-node-4 — 96 chars
  [OK]   municipal-intelligence-node-4.mp3 (44 KB)
  [GEN]  municipal-intelligence-node-5 — 90 chars
  [OK]   municipal-intelligence-node-5.mp3 (43 KB)

Processing ai-research.html (6 narration nodes found)
  [GEN]  ai-research-n-c452a12b — 178 chars
  [OK]   ai-research-n-c452a12b.mp3 (93 KB)
  [GEN]  ai-research-node-2 — 101 chars
  [OK]   ai-research-node-2.mp3 (46 KB)
  [GEN]  ai-research-node-3 — 100 chars
  [OK]   ai-research-node-3.mp3 (43 KB)
  [GEN]  ai-research-node-4 — 103 chars
  [OK]   ai-research-node-4.mp3 (49 KB)
  [GEN]  ai-research-node-5 — 83 chars
  [OK]   ai-research-node-5.mp3 (40 KB)
  [GEN]  ai-research-node-6 — 91 chars
  [OK]   ai-research-node-6.mp3 (45 KB)

Processing take-action.html (8 narration nodes found)
  [GEN]  take-action-n-745df8ed — 216 chars
  [OK]   take-action-n-745df8ed.mp3 (103 KB)
  [GEN]  take-action-private-prosecution — 358 chars
  [OK]   take-action-private-prosecution.mp3 (143 KB)
  [GEN]  take-action-regulators — 375 chars
  [OK]   take-action-regulators.mp3 (153 KB)
  [GEN]  take-action-contact-mp — 376 chars
  [OK]   take-action-contact-mp.mp3 (151 KB)
  [GEN]  take-action-petition — 305 chars
  [OK]   take-action-petition.mp3 (138 KB)
  [GEN]  take-action-media — 315 chars
  [OK]   take-action-media.mp3 (133 KB)
  [GEN]  take-action-share — 362 chars
  [OK]   take-action-share.mp3 (144 KB)
  [GEN]  take-action-legal-resources — 403 chars
  [OK]   take-action-legal-resources.mp3 (169 KB)

Processing cross-reference.html (2 narration nodes found)
  [GEN]  cross-reference-node-1 — 110 chars
  [OK]   cross-reference-node-1.mp3 (49 KB)
  [GEN]  cross-reference-n-38288f2e — 226 chars
  [OK]   cross-reference-n-38288f2e.mp3 (90 KB)

Processing municipal-accountability.html (6 narration nodes found)
  [GEN]  municipal-accountability-n-44fd5403 — 84 chars
  [OK]   municipal-accountability-n-44fd5403.mp3 (41 KB)
  [GEN]  municipal-accountability-section-council — 98 chars
  [OK]   municipal-accountability-section-council.mp3 (46 KB)
  [GEN]  municipal-accountability-section-sunshine — 106 chars
  [OK]   municipal-accountability-section-sunshine.mp3 (47 KB)
  [GEN]  municipal-accountability-section-courts — 120 chars
  [OK]   municipal-accountability-section-courts.mp3 (54 KB)
  [GEN]  municipal-accountability-section-budget — 108 chars
  [OK]   municipal-accountability-section-budget.mp3 (49 KB)
  [GEN]  municipal-accountability-section-crossref — 113 chars
  [OK]   municipal-accountability-section-crossref.mp3 (49 KB)

Processing scandals.html (7 narration nodes found)
  [GEN]  scandals-n-deceb30c — 215 chars
  [OK]   scandals-n-deceb30c.mp3 (95 KB)
  [GEN]  scandals-node-2 — 329 chars
  [OK]   scandals-node-2.mp3 (134 KB)
  [GEN]  scandals-node-3 — 360 chars
  [OK]   scandals-node-3.mp3 (154 KB)
  [GEN]  scandals-node-4 — 357 chars
  [OK]   scandals-node-4.mp3 (143 KB)
  [GEN]  scandals-node-5 — 355 chars
  [OK]   scandals-node-5.mp3 (173 KB)
  [GEN]  scandals-node-6 — 398 chars
  [OK]   scandals-node-6.mp3 (162 KB)
  [GEN]  scandals-node-7 — 389 chars
  [OK]   scandals-node-7.mp3 (184 KB)

Processing acelephius-report.html (3 narration nodes found)
  [GEN]  acelephius-report-n-8a3e4d97 — 42 chars
  [OK]   acelephius-report-n-8a3e4d97.mp3 (27 KB)
  [GEN]  acelephius-report-node-2 — 344 chars
  [OK]   acelephius-report-node-2.mp3 (147 KB)
  [GEN]  acelephius-report-node-3 — 313 chars
  [OK]   acelephius-report-node-3.mp3 (120 KB)

Processing sector-lobbying.html (6 narration nodes found)
  [GEN]  sector-lobbying-n-584710dd — 226 chars
  [OK]   sector-lobbying-n-584710dd.mp3 (129 KB)
  [GEN]  sector-lobbying-node-2 — 90 chars
  [OK]   sector-lobbying-node-2.mp3 (43 KB)
  [GEN]  sector-lobbying-node-3 — 89 chars
  [OK]   sector-lobbying-node-3.mp3 (43 KB)
  [GEN]  sector-lobbying-node-4 — 85 chars
  [OK]   sector-lobbying-node-4.mp3 (42 KB)
  [GEN]  sector-lobbying-node-5 — 95 chars
  [OK]   sector-lobbying-node-5.mp3 (43 KB)
  [GEN]  sector-lobbying-node-6 — 96 chars
  [OK]   sector-lobbying-node-6.mp3 (42 KB)

Processing voting-records.html (5 narration nodes found)
  [GEN]  voting-records-n-64307688 — 215 chars
  [OK]   voting-records-n-64307688.mp3 (101 KB)
  [GEN]  voting-records-node-2 — 80 chars
  [OK]   voting-records-node-2.mp3 (40 KB)
  [GEN]  voting-records-node-3 — 74 chars
  [OK]   voting-records-node-3.mp3 (36 KB)
  [GEN]  voting-records-node-4 — 92 chars
  [OK]   voting-records-node-4.mp3 (40 KB)
  [GEN]  voting-records-node-5 — 92 chars
  [OK]   voting-records-node-5.mp3 (40 KB)

Processing canada-map.html (1 narration nodes found)
  [GEN]  canada-map-n-e7087ce8 — 104 chars
  [OK]   canada-map-n-e7087ce8.mp3 (55 KB)

Processing conspiracy-board.html (6 narration nodes found)
  [GEN]  conspiracy-board-node-1 — 105 chars
  [OK]   conspiracy-board-node-1.mp3 (45 KB)
  [GEN]  conspiracy-board-n-611379c7 — 335 chars
  [OK]   conspiracy-board-n-611379c7.mp3 (140 KB)
  [GEN]  conspiracy-board-board-briefing — 337 chars
  [OK]   conspiracy-board-board-briefing.mp3 (133 KB)
  [GEN]  conspiracy-board-node-4 — 290 chars
  [OK]   conspiracy-board-node-4.mp3 (127 KB)
  [GEN]  conspiracy-board-node-5 — 229 chars
  [OK]   conspiracy-board-node-5.mp3 (91 KB)
  [GEN]  conspiracy-board-node-6 — 316 chars
  [OK]   conspiracy-board-node-6.mp3 (159 KB)

Processing foreign-interference-deep.html (11 narration nodes found)
  [GEN]  foreign-interference-deep-n-3925eef2 — 500 chars
  [OK]   foreign-interference-deep-n-3925eef2.mp3 (190 KB)
  [GEN]  foreign-interference-deep-stats — 141 chars
  [OK]   foreign-interference-deep-stats.mp3 (59 KB)
  [GEN]  foreign-interference-deep-nsicop — 141 chars
  [OK]   foreign-interference-deep-nsicop.mp3 (59 KB)
  [GEN]  foreign-interference-deep-hogue — 133 chars
  [OK]   foreign-interference-deep-hogue.mp3 (55 KB)
  [GEN]  foreign-interference-deep-prc — 129 chars
  [OK]   foreign-interference-deep-prc.mp3 (61 KB)
  [GEN]  foreign-interference-deep-han-dong — 124 chars
  [OK]   foreign-interference-deep-han-dong.mp3 (56 KB)
  [GEN]  foreign-interference-deep-elections — 129 chars
  [OK]   foreign-interference-deep-elections.mp3 (63 KB)
  [GEN]  foreign-interference-deep-csis — 123 chars
  [OK]   foreign-interference-deep-csis.mp3 (52 KB)
  [GEN]  foreign-interference-deep-legislation — 125 chars
  [OK]   foreign-interference-deep-legislation.mp3 (54 KB)
  [GEN]  foreign-interference-deep-other-actors — 128 chars
  [OK]   foreign-interference-deep-other-actors.mp3 (58 KB)
  [GEN]  foreign-interference-deep-verdict — 114 chars
  [OK]   foreign-interference-deep-verdict.mp3 (48 KB)

Processing rcmp-maid-accountability.html (8 narration nodes found)
  [GEN]  rcmp-maid-accountability-n-5750f025 — 324 chars
  [OK]   rcmp-maid-accountability-n-5750f025.mp3 (134 KB)
  [GEN]  rcmp-maid-accountability-node-2 — 117 chars
  [OK]   rcmp-maid-accountability-node-2.mp3 (50 KB)
  [GEN]  rcmp-maid-accountability-death-count — 93 chars
  [OK]   rcmp-maid-accountability-death-count.mp3 (41 KB)
  [GEN]  rcmp-maid-accountability-commissioners — 113 chars
  [OK]   rcmp-maid-accountability-commissioners.mp3 (51 KB)
  [GEN]  rcmp-maid-accountability-legislation — 107 chars
  [OK]   rcmp-maid-accountability-legislation.mp3 (44 KB)
  [GEN]  rcmp-maid-accountability-votes — 97 chars
  [OK]   rcmp-maid-accountability-votes.mp3 (43 KB)
  [GEN]  rcmp-maid-accountability-international — 104 chars
  [OK]   rcmp-maid-accountability-international.mp3 (47 KB)
  [GEN]  rcmp-maid-accountability-veterans — 107 chars
  [OK]   rcmp-maid-accountability-veterans.mp3 (45 KB)

Processing campaign-tracker.html (7 narration nodes found)
  [GEN]  campaign-tracker-n-e056c136 — 96 chars
  [OK]   campaign-tracker-n-e056c136.mp3 (53 KB)
  [GEN]  campaign-tracker-node-2 — 82 chars
  [OK]   campaign-tracker-node-2.mp3 (40 KB)
  [GEN]  campaign-tracker-node-3 — 82 chars
  [OK]   campaign-tracker-node-3.mp3 (39 KB)
  [GEN]  campaign-tracker-node-4 — 79 chars
  [OK]   campaign-tracker-node-4.mp3 (37 KB)
  [GEN]  campaign-tracker-node-5 — 81 chars
  [OK]   campaign-tracker-node-5.mp3 (39 KB)
  [GEN]  campaign-tracker-node-6 — 88 chars
  [OK]   campaign-tracker-node-6.mp3 (42 KB)
  [GEN]  campaign-tracker-node-7 — 87 chars
  [OK]   campaign-tracker-node-7.mp3 (43 KB)

Processing cija-maid-pipeline.html (5 narration nodes found)
  [GEN]  cija-maid-pipeline-n-cd8d886e — 331 chars
  [OK]   cija-maid-pipeline-n-cd8d886e.mp3 (145 KB)
  [GEN]  cija-maid-pipeline-node-2 — 124 chars
  [OK]   cija-maid-pipeline-node-2.mp3 (52 KB)
  [GEN]  cija-maid-pipeline-node-3 — 95 chars
  [OK]   cija-maid-pipeline-node-3.mp3 (44 KB)
  [GEN]  cija-maid-pipeline-node-4 — 105 chars
  [OK]   cija-maid-pipeline-node-4.mp3 (47 KB)
  [GEN]  cija-maid-pipeline-node-5 — 214 chars
  [OK]   cija-maid-pipeline-node-5.mp3 (89 KB)

Processing foreign-influence.html (12 narration nodes found)
  [GEN]  foreign-influence-n-2afc8838 — 263 chars
  [OK]   foreign-influence-n-2afc8838.mp3 (108 KB)
  [GEN]  foreign-influence-node-2 — 109 chars
  [OK]   foreign-influence-node-2.mp3 (49 KB)
  [GEN]  foreign-influence-node-3 — 116 chars
  [OK]   foreign-influence-node-3.mp3 (54 KB)
  [GEN]  foreign-influence-node-4 — 122 chars
  [OK]   foreign-influence-node-4.mp3 (55 KB)
  [GEN]  foreign-influence-node-5 — 121 chars
  [OK]   foreign-influence-node-5.mp3 (52 KB)
  [GEN]  foreign-influence-node-6 — 120 chars
  [OK]   foreign-influence-node-6.mp3 (53 KB)
  [GEN]  foreign-influence-pipeline — 118 chars
  [OK]   foreign-influence-pipeline.mp3 (48 KB)
  [GEN]  foreign-influence-node-8 — 125 chars
  [OK]   foreign-influence-node-8.mp3 (53 KB)
  [GEN]  foreign-influence-node-9 — 126 chars
  [OK]   foreign-influence-node-9.mp3 (56 KB)
  [GEN]  foreign-influence-node-10 — 123 chars
  [OK]   foreign-influence-node-10.mp3 (58 KB)
  [GEN]  foreign-influence-node-11 — 136 chars
  [OK]   foreign-influence-node-11.mp3 (60 KB)
  [GEN]  foreign-influence-legal — 117 chars
  [OK]   foreign-influence-legal.mp3 (54 KB)

Processing phoenix-pay.html (4 narration nodes found)
  [GEN]  phoenix-pay-phoenix-hero — 285 chars
  [OK]   phoenix-pay-phoenix-hero.mp3 (151 KB)
  [GEN]  phoenix-pay-phoenix-summary — 243 chars
  [OK]   phoenix-pay-phoenix-summary.mp3 (110 KB)
  [GEN]  phoenix-pay-phoenix-cost — 237 chars
  [OK]   phoenix-pay-phoenix-cost.mp3 (106 KB)
  [GEN]  phoenix-pay-phoenix-timeline — 229 chars
  [OK]   phoenix-pay-phoenix-timeline.mp3 (91 KB)

Processing network-analysis.html (5 narration nodes found)
  [GEN]  network-analysis-node-1 — 109 chars
  [OK]   network-analysis-node-1.mp3 (55 KB)
  [GEN]  network-analysis-n-4186dd2d — 91 chars
  [OK]   network-analysis-n-4186dd2d.mp3 (44 KB)
  [GEN]  network-analysis-node-3 — 122 chars
  [OK]   network-analysis-node-3.mp3 (54 KB)
  [GEN]  network-analysis-node-4 — 101 chars
  [OK]   network-analysis-node-4.mp3 (46 KB)
  [GEN]  network-analysis-node-5 — 107 chars
  [OK]   network-analysis-node-5.mp3 (47 KB)

Processing mp-voting-records.html (7 narration nodes found)
  [GEN]  mp-voting-records-n-b920b4f5 — 252 chars
  [OK]   mp-voting-records-n-b920b4f5.mp3 (123 KB)
  [GEN]  mp-voting-records-node-2 — 81 chars
  [OK]   mp-voting-records-node-2.mp3 (37 KB)
  [GEN]  mp-voting-records-node-3 — 75 chars
  [OK]   mp-voting-records-node-3.mp3 (36 KB)
  [GEN]  mp-voting-records-node-4 — 98 chars
  [OK]   mp-voting-records-node-4.mp3 (46 KB)
  [GEN]  mp-voting-records-node-5 — 75 chars
  [OK]   mp-voting-records-node-5.mp3 (38 KB)
  [GEN]  mp-voting-records-node-6 — 77 chars
  [OK]   mp-voting-records-node-6.mp3 (37 KB)
  [GEN]  mp-voting-records-node-7 — 97 chars
  [OK]   mp-voting-records-node-7.mp3 (42 KB)

Processing dnd-procurement.html (5 narration nodes found)
  [GEN]  dnd-procurement-dnd-hero — 252 chars
  [OK]   dnd-procurement-dnd-hero.mp3 (116 KB)
  [GEN]  dnd-procurement-nss — 268 chars
  [OK]   dnd-procurement-nss.mp3 (114 KB)
  [GEN]  dnd-procurement-cf18 — 214 chars
  [OK]   dnd-procurement-cf18.mp3 (99 KB)
  [GEN]  dnd-procurement-seaking — 181 chars
  [OK]   dnd-procurement-seaking.mp3 (88 KB)
  [GEN]  dnd-procurement-lav-saudi — 187 chars
  [OK]   dnd-procurement-lav-saudi.mp3 (83 KB)

Processing senate-expenses.html (5 narration nodes found)
  [GEN]  senate-expenses-se-hero — 230 chars
  [OK]   senate-expenses-se-hero.mp3 (104 KB)
  [GEN]  senate-expenses-se-timeline — 267 chars
  [OK]   senate-expenses-se-timeline.mp3 (103 KB)
  [GEN]  senate-expenses-se-numbers — 210 chars
  [OK]   senate-expenses-se-numbers.mp3 (96 KB)
  [GEN]  senate-expenses-se-trial — 267 chars
  [OK]   senate-expenses-se-trial.mp3 (95 KB)
  [GEN]  senate-expenses-se-wright — 278 chars
  [OK]   senate-expenses-se-wright.mp3 (102 KB)

Processing maid-policy-evolution.html (9 narration nodes found)
  [GEN]  maid-policy-evolution-n-ac145e72 — 206 chars
  [OK]   maid-policy-evolution-n-ac145e72.mp3 (86 KB)
  [GEN]  maid-policy-evolution-timeline — 122 chars
  [OK]   maid-policy-evolution-timeline.mp3 (53 KB)
  [GEN]  maid-policy-evolution-death-count — 104 chars
  [OK]   maid-policy-evolution-death-count.mp3 (46 KB)
  [GEN]  maid-policy-evolution-comparison — 109 chars
  [OK]   maid-policy-evolution-comparison.mp3 (50 KB)
  [GEN]  maid-policy-evolution-track2 — 122 chars
  [OK]   maid-policy-evolution-track2.mp3 (51 KB)
  [GEN]  maid-policy-evolution-money — 121 chars
  [OK]   maid-policy-evolution-money.mp3 (53 KB)
  [GEN]  maid-policy-evolution-testimony — 121 chars
  [OK]   maid-policy-evolution-testimony.mp3 (51 KB)
  [GEN]  maid-policy-evolution-mental-illness — 122 chars
  [OK]   maid-policy-evolution-mental-illness.mp3 (52 KB)
  [GEN]  maid-policy-evolution-international — 117 chars
  [OK]   maid-policy-evolution-international.mp3 (51 KB)

Processing healthcare-crisis.html (8 narration nodes found)
  [GEN]  healthcare-crisis-main — 199 chars
  [OK]   healthcare-crisis-main.mp3 (83 KB)
  [GEN]  healthcare-crisis-numbers — 211 chars
  [OK]   healthcare-crisis-numbers.mp3 (99 KB)
  [GEN]  healthcare-crisis-budget — 210 chars
  [OK]   healthcare-crisis-budget.mp3 (98 KB)
  [GEN]  healthcare-crisis-provinces — 227 chars
  [OK]   healthcare-crisis-provinces.mp3 (103 KB)
  [GEN]  healthcare-crisis-maid-pipeline — 233 chars
  [OK]   healthcare-crisis-maid-pipeline.mp3 (104 KB)
  [GEN]  healthcare-crisis-workforce — 203 chars
  [OK]   healthcare-crisis-workforce.mp3 (105 KB)
  [GEN]  healthcare-crisis-international — 212 chars
  [OK]   healthcare-crisis-international.mp3 (97 KB)
  [GEN]  healthcare-crisis-sources — 230 chars
  [OK]   healthcare-crisis-sources.mp3 (104 KB)

Processing disability-genocide.html (9 narration nodes found)
  [GEN]  disability-genocide-dg-hero — 142 chars
  [OK]   disability-genocide-dg-hero.mp3 (63 KB)
  [GEN]  disability-genocide-dg-crpd — 237 chars
  [OK]   disability-genocide-dg-crpd.mp3 (110 KB)
  [GEN]  disability-genocide-dg-un — 271 chars
  [OK]   disability-genocide-dg-un.mp3 (112 KB)
  [GEN]  disability-genocide-dg-data — 250 chars
  [OK]   disability-genocide-dg-data.mp3 (110 KB)
  [GEN]  disability-genocide-dg-gap — 180 chars
  [OK]   disability-genocide-dg-gap.mp3 (78 KB)
  [GEN]  disability-genocide-node-6 — 352 chars
  [OK]   disability-genocide-node-6.mp3 (140 KB)
  [GEN]  disability-genocide-node-7 — 294 chars
  [OK]   disability-genocide-node-7.mp3 (127 KB)
  [GEN]  disability-genocide-node-8 — 335 chars
  [OK]   disability-genocide-node-8.mp3 (135 KB)
  [GEN]  disability-genocide-node-9 — 302 chars
  [OK]   disability-genocide-node-9.mp3 (132 KB)

Processing lobbying-deepdive.html (8 narration nodes found)
  [GEN]  lobbying-deepdive-n-03449f93 — 263 chars
  [OK]   lobbying-deepdive-n-03449f93.mp3 (119 KB)
  [GEN]  lobbying-deepdive-node-2 — 170 chars
  [OK]   lobbying-deepdive-node-2.mp3 (76 KB)
  [GEN]  lobbying-deepdive-node-3 — 172 chars
  [OK]   lobbying-deepdive-node-3.mp3 (73 KB)
  [GEN]  lobbying-deepdive-node-4 — 184 chars
  [OK]   lobbying-deepdive-node-4.mp3 (71 KB)
  [GEN]  lobbying-deepdive-node-5 — 182 chars
  [OK]   lobbying-deepdive-node-5.mp3 (71 KB)
  [GEN]  lobbying-deepdive-node-6 — 181 chars
  [OK]   lobbying-deepdive-node-6.mp3 (79 KB)
  [GEN]  lobbying-deepdive-node-7 — 184 chars
  [OK]   lobbying-deepdive-node-7.mp3 (70 KB)
  [GEN]  lobbying-deepdive-node-8 — 183 chars
  [OK]   lobbying-deepdive-node-8.mp3 (74 KB)

Processing veterans-betrayal.html (10 narration nodes found)
  [GEN]  veterans-betrayal-main — 194 chars
  [OK]   veterans-betrayal-main.mp3 (84 KB)
  [GEN]  veterans-betrayal-vac-numbers — 236 chars
  [OK]   veterans-betrayal-vac-numbers.mp3 (102 KB)
  [GEN]  veterans-betrayal-maid-question — 260 chars
  [OK]   veterans-betrayal-maid-question.mp3 (102 KB)
  [GEN]  veterans-betrayal-funding-gap — 224 chars
  [OK]   veterans-betrayal-funding-gap.mp3 (103 KB)
  [GEN]  veterans-betrayal-phoenix-pay — 237 chars
  [OK]   veterans-betrayal-phoenix-pay.mp3 (106 KB)
  [GEN]  veterans-betrayal-office-closures — 296 chars
  [OK]   veterans-betrayal-office-closures.mp3 (138 KB)
  [GEN]  veterans-betrayal-operational-stress — 346 chars
  [OK]   veterans-betrayal-operational-stress.mp3 (152 KB)
  [GEN]  veterans-betrayal-broken-promises — 362 chars
  [OK]   veterans-betrayal-broken-promises.mp3 (164 KB)
  [GEN]  veterans-betrayal-sources — 307 chars
  [OK]   veterans-betrayal-sources.mp3 (128 KB)
  [GEN]  veterans-betrayal-closing — 352 chars
  [OK]   veterans-betrayal-closing.mp3 (151 KB)

Processing housing-crisis.html (8 narration nodes found)
  [GEN]  housing-crisis-n-e89e67aa — 588 chars
  [OK]   housing-crisis-n-e89e67aa.mp3 (246 KB)
  [GEN]  housing-crisis-numbers — 175 chars
  [OK]   housing-crisis-numbers.mp3 (72 KB)
  [GEN]  housing-crisis-nhs — 180 chars
  [OK]   housing-crisis-nhs.mp3 (77 KB)
  [GEN]  housing-crisis-immigration-supply — 169 chars
  [OK]   housing-crisis-immigration-supply.mp3 (69 KB)
  [GEN]  housing-crisis-speculation — 168 chars
  [OK]   housing-crisis-speculation.mp3 (67 KB)
  [GEN]  housing-crisis-provinces — 138 chars
  [OK]   housing-crisis-provinces.mp3 (61 KB)
  [GEN]  housing-crisis-cost — 150 chars
  [OK]   housing-crisis-cost.mp3 (63 KB)
  [GEN]  housing-crisis-verdict — 180 chars
  [OK]   housing-crisis-verdict.mp3 (79 KB)

Processing crown-corporations.html (8 narration nodes found)
  [GEN]  crown-corporations-n-4cdf6763 — 613 chars
  [OK]   crown-corporations-n-4cdf6763.mp3 (229 KB)
  [GEN]  crown-corporations-node-2 — 195 chars
  [OK]   crown-corporations-node-2.mp3 (80 KB)
  [GEN]  crown-corporations-node-3 — 190 chars
  [OK]   crown-corporations-node-3.mp3 (85 KB)
  [GEN]  crown-corporations-node-4 — 181 chars
  [OK]   crown-corporations-node-4.mp3 (78 KB)
  [GEN]  crown-corporations-node-5 — 199 chars
  [OK]   crown-corporations-node-5.mp3 (91 KB)
  [GEN]  crown-corporations-node-6 — 203 chars
  [OK]   crown-corporations-node-6.mp3 (93 KB)
  [GEN]  crown-corporations-node-7 — 194 chars
  [OK]   crown-corporations-node-7.mp3 (90 KB)
  [GEN]  crown-corporations-node-8 — 167 chars
  [OK]   crown-corporations-node-8.mp3 (78 KB)

Processing covid-accountability.html (9 narration nodes found)
  [GEN]  covid-accountability-cv-hero — 184 chars
  [OK]   covid-accountability-cv-hero.mp3 (81 KB)
  [GEN]  covid-accountability-cv-tsunami — 190 chars
  [OK]   covid-accountability-cv-tsunami.mp3 (97 KB)
  [GEN]  covid-accountability-cv-arrivecan — 245 chars
  [OK]   covid-accountability-cv-arrivecan.mp3 (109 KB)
  [GEN]  covid-accountability-cv-cerb — 217 chars
  [OK]   covid-accountability-cv-cerb.mp3 (101 KB)
  [GEN]  covid-accountability-cv-vaccine — 232 chars
  [OK]   covid-accountability-cv-vaccine.mp3 (94 KB)
  [GEN]  covid-accountability-node-6 — 307 chars
  [OK]   covid-accountability-node-6.mp3 (121 KB)
  [GEN]  covid-accountability-node-7 — 288 chars
  [OK]   covid-accountability-node-7.mp3 (125 KB)
  [GEN]  covid-accountability-node-8 — 308 chars
  [OK]   covid-accountability-node-8.mp3 (124 KB)
  [GEN]  covid-accountability-node-9 — 351 chars
  [OK]   covid-accountability-node-9.mp3 (143 KB)

Processing records.html (5 narration nodes found)
  [GEN]  records-n-843deee7 — 313 chars
  [OK]   records-n-843deee7.mp3 (144 KB)
  [GEN]  records-node-2 — 89 chars
  [OK]   records-node-2.mp3 (44 KB)
  [GEN]  records-node-3 — 89 chars
  [OK]   records-node-3.mp3 (43 KB)
  [GEN]  records-node-4 — 96 chars
  [OK]   records-node-4.mp3 (43 KB)
  [GEN]  records-node-5 — 75 chars
  [OK]   records-node-5.mp3 (37 KB)

Processing immigration-policy.html (7 narration nodes found)
  [GEN]  immigration-policy-n-9203d6d6 — 408 chars
  [OK]   immigration-policy-n-9203d6d6.mp3 (186 KB)
  [GEN]  immigration-policy-node-2 — 198 chars
  [OK]   immigration-policy-node-2.mp3 (96 KB)
  [GEN]  immigration-policy-node-3 — 210 chars
  [OK]   immigration-policy-node-3.mp3 (94 KB)
  [GEN]  immigration-policy-node-4 — 189 chars
  [OK]   immigration-policy-node-4.mp3 (92 KB)
  [GEN]  immigration-policy-node-5 — 175 chars
  [OK]   immigration-policy-node-5.mp3 (77 KB)
  [GEN]  immigration-policy-node-6 — 191 chars
  [OK]   immigration-policy-node-6.mp3 (83 KB)
  [GEN]  immigration-policy-node-7 — 184 chars
  [OK]   immigration-policy-node-7.mp3 (78 KB)

Processing infrastructure-deficit.html (7 narration nodes found)
  [GEN]  infrastructure-deficit-n-eabf09e2 — 396 chars
  [OK]   infrastructure-deficit-n-eabf09e2.mp3 (161 KB)
  [GEN]  infrastructure-deficit-node-2 — 199 chars
  [OK]   infrastructure-deficit-node-2.mp3 (90 KB)
  [GEN]  infrastructure-deficit-node-3 — 178 chars
  [OK]   infrastructure-deficit-node-3.mp3 (72 KB)
  [GEN]  infrastructure-deficit-node-4 — 175 chars
  [OK]   infrastructure-deficit-node-4.mp3 (71 KB)
  [GEN]  infrastructure-deficit-node-5 — 183 chars
  [OK]   infrastructure-deficit-node-5.mp3 (73 KB)
  [GEN]  infrastructure-deficit-node-6 — 172 chars
  [OK]   infrastructure-deficit-node-6.mp3 (68 KB)
  [GEN]  infrastructure-deficit-node-7 — 166 chars
  [OK]   infrastructure-deficit-node-7.mp3 (66 KB)

Processing cra-enforcement.html (7 narration nodes found)
  [GEN]  cra-enforcement-n-718e5db2 — 431 chars
  [OK]   cra-enforcement-n-718e5db2.mp3 (176 KB)
  [GEN]  cra-enforcement-tax-gap — 170 chars
  [OK]   cra-enforcement-tax-gap.mp3 (81 KB)
  [GEN]  cra-enforcement-panama-paradise — 159 chars
  [OK]   cra-enforcement-panama-paradise.mp3 (71 KB)
  [GEN]  cra-enforcement-offshore-compliance — 156 chars
  [OK]   cra-enforcement-offshore-compliance.mp3 (66 KB)
  [GEN]  cra-enforcement-two-tier — 157 chars
  [OK]   cra-enforcement-two-tier.mp3 (74 KB)
  [GEN]  cra-enforcement-corporate-avoidance — 177 chars
  [OK]   cra-enforcement-corporate-avoidance.mp3 (72 KB)
  [GEN]  cra-enforcement-recovery — 165 chars
  [OK]   cra-enforcement-recovery.mp3 (66 KB)

Processing privacy-surveillance.html (8 narration nodes found)
  [GEN]  privacy-surveillance-n-c73aa0b1 — 573 chars
  [OK]   privacy-surveillance-n-c73aa0b1.mp3 (207 KB)
  [GEN]  privacy-surveillance-node-2 — 161 chars
  [OK]   privacy-surveillance-node-2.mp3 (63 KB)
  [GEN]  privacy-surveillance-node-3 — 197 chars
  [OK]   privacy-surveillance-node-3.mp3 (76 KB)
  [GEN]  privacy-surveillance-node-4 — 214 chars
  [OK]   privacy-surveillance-node-4.mp3 (90 KB)
  [GEN]  privacy-surveillance-node-5 — 188 chars
  [OK]   privacy-surveillance-node-5.mp3 (87 KB)
  [GEN]  privacy-surveillance-node-6 — 195 chars
  [OK]   privacy-surveillance-node-6.mp3 (83 KB)
  [GEN]  privacy-surveillance-node-7 — 160 chars
  [OK]   privacy-surveillance-node-7.mp3 (66 KB)
  [GEN]  privacy-surveillance-node-8 — 173 chars
  [OK]   privacy-surveillance-node-8.mp3 (69 KB)

Processing judicial-appointments.html (8 narration nodes found)
  [GEN]  judicial-appointments-n-03ef02fb — 52 chars
  [OK]   judicial-appointments-n-03ef02fb.mp3 (31 KB)
  [GEN]  judicial-appointments-appointments — 130 chars
  [OK]   judicial-appointments-appointments.mp3 (51 KB)
  [GEN]  judicial-appointments-scc-activism — 122 chars
  [OK]   judicial-appointments-scc-activism.mp3 (53 KB)
  [GEN]  judicial-appointments-bail-reform — 111 chars
  [OK]   judicial-appointments-bail-reform.mp3 (51 KB)
  [GEN]  judicial-appointments-legal-aid — 99 chars
  [OK]   judicial-appointments-legal-aid.mp3 (46 KB)
  [GEN]  judicial-appointments-accountability-gap — 119 chars
  [OK]   judicial-appointments-accountability-gap.mp3 (51 KB)
  [GEN]  judicial-appointments-corrections — 115 chars
  [OK]   judicial-appointments-corrections.mp3 (48 KB)
  [GEN]  judicial-appointments-what-must-change — 115 chars
  [OK]   judicial-appointments-what-must-change.mp3 (49 KB)

Processing osint-dashboard.html (7 narration nodes found)
  [GEN]  osint-dashboard-n-759cf9a0 — 190 chars
  [OK]   osint-dashboard-n-759cf9a0.mp3 (75 KB)
  [GEN]  osint-dashboard-stats-grid — 190 chars
  [OK]   osint-dashboard-stats-grid.mp3 (81 KB)
  [GEN]  osint-dashboard-node-3 — 90 chars
  [OK]   osint-dashboard-node-3.mp3 (43 KB)
  [GEN]  osint-dashboard-node-4 — 105 chars
  [OK]   osint-dashboard-node-4.mp3 (47 KB)
  [GEN]  osint-dashboard-node-5 — 84 chars
  [OK]   osint-dashboard-node-5.mp3 (41 KB)
  [GEN]  osint-dashboard-node-6 — 99 chars
  [OK]   osint-dashboard-node-6.mp3 (42 KB)
  [GEN]  osint-dashboard-node-7 — 84 chars
  [OK]   osint-dashboard-node-7.mp3 (40 KB)

Processing media-concentration.html (8 narration nodes found)
  [GEN]  media-concentration-main — 182 chars
  [OK]   media-concentration-main.mp3 (84 KB)
  [GEN]  media-concentration-mc-oligopoly — 225 chars
  [OK]   media-concentration-mc-oligopoly.mp3 (102 KB)
  [GEN]  media-concentration-mc-cbc — 203 chars
  [OK]   media-concentration-mc-cbc.mp3 (93 KB)
  [GEN]  media-concentration-mc-c18 — 220 chars
  [OK]   media-concentration-mc-c18.mp3 (112 KB)
  [GEN]  media-concentration-mc-subsidy — 231 chars
  [OK]   media-concentration-mc-subsidy.mp3 (99 KB)
  [GEN]  media-concentration-mc-layoffs — 212 chars
  [OK]   media-concentration-mc-layoffs.mp3 (95 KB)
  [GEN]  media-concentration-mc-crtc — 225 chars
  [OK]   media-concentration-mc-crtc.mp3 (108 KB)
  [GEN]  media-concentration-mc-freepress — 224 chars
  [OK]   media-concentration-mc-freepress.mp3 (98 KB)

Processing opioid-crisis.html (9 narration nodes found)
  [GEN]  opioid-crisis-n-098420a9 — 472 chars
  [OK]   opioid-crisis-n-098420a9.mp3 (198 KB)
  [GEN]  opioid-crisis-death-toll — 174 chars
  [OK]   opioid-crisis-death-toll.mp3 (84 KB)
  [GEN]  opioid-crisis-pharma-pipeline — 160 chars
  [OK]   opioid-crisis-pharma-pipeline.mp3 (66 KB)
  [GEN]  opioid-crisis-bc-decrim — 177 chars
  [OK]   opioid-crisis-bc-decrim.mp3 (76 KB)
  [GEN]  opioid-crisis-safe-supply — 155 chars
  [OK]   opioid-crisis-safe-supply.mp3 (68 KB)
  [GEN]  opioid-crisis-fentanyl-pipeline — 152 chars
  [OK]   opioid-crisis-fentanyl-pipeline.mp3 (61 KB)
  [GEN]  opioid-crisis-indigenous — 149 chars
  [OK]   opioid-crisis-indigenous.mp3 (63 KB)
  [GEN]  opioid-crisis-maid-intersection — 187 chars
  [OK]   opioid-crisis-maid-intersection.mp3 (71 KB)
  [GEN]  opioid-crisis-what-must-change — 175 chars
  [OK]   opioid-crisis-what-must-change.mp3 (69 KB)

Processing arms-exports.html (11 narration nodes found)
  [GEN]  arms-exports-n-5bba024b — 388 chars
  [OK]   arms-exports-n-5bba024b.mp3 (200 KB)
  [GEN]  arms-exports-arms-industry — 184 chars
  [OK]   arms-exports-arms-industry.mp3 (78 KB)
  [GEN]  arms-exports-saudi-deal — 195 chars
  [OK]   arms-exports-saudi-deal.mp3 (81 KB)
  [GEN]  arms-exports-yemen — 210 chars
  [OK]   arms-exports-yemen.mp3 (88 KB)
  [GEN]  arms-exports-export-controls — 173 chars
  [OK]   arms-exports-export-controls.mp3 (74 KB)
  [GEN]  arms-exports-lobbying — 156 chars
  [OK]   arms-exports-lobbying.mp3 (62 KB)
  [GEN]  arms-exports-other-exports — 156 chars
  [OK]   arms-exports-other-exports.mp3 (70 KB)
  [GEN]  arms-exports-jobs-vs-ethics — 134 chars
  [OK]   arms-exports-jobs-vs-ethics.mp3 (57 KB)
  [GEN]  arms-exports-what-must-change — 132 chars
  [OK]   arms-exports-what-must-change.mp3 (55 KB)
  [GEN]  arms-exports-export-data — 126 chars
  [OK]   arms-exports-export-data.mp3 (58 KB)
  [GEN]  arms-exports-red-ensign-standard — 167 chars
  [OK]   arms-exports-red-ensign-standard.mp3 (68 KB)

Processing environment-climate.html (9 narration nodes found)
  [GEN]  environment-climate-n-f8bab8a0 — 582 chars
  [OK]   environment-climate-n-f8bab8a0.mp3 (247 KB)
  [GEN]  environment-climate-broken-promises — 174 chars
  [OK]   environment-climate-broken-promises.mp3 (78 KB)
  [GEN]  environment-climate-trans-mountain — 184 chars
  [OK]   environment-climate-trans-mountain.mp3 (81 KB)
  [GEN]  environment-climate-carbon-tax — 175 chars
  [OK]   environment-climate-carbon-tax.mp3 (76 KB)
  [GEN]  environment-climate-emissions-targets — 165 chars
  [OK]   environment-climate-emissions-targets.mp3 (70 KB)
  [GEN]  environment-climate-impact-assessment — 187 chars
  [OK]   environment-climate-impact-assessment.mp3 (79 KB)
  [GEN]  environment-climate-contaminated-sites — 173 chars
  [OK]   environment-climate-contaminated-sites.mp3 (80 KB)
  [GEN]  environment-climate-green-subsidies — 188 chars
  [OK]   environment-climate-green-subsidies.mp3 (80 KB)
  [GEN]  environment-climate-accountability — 173 chars
  [OK]   environment-climate-accountability.mp3 (69 KB)

Processing debt-fiscal.html (9 narration nodes found)
  [GEN]  debt-fiscal-n-9af57009 — 521 chars
  [OK]   debt-fiscal-n-9af57009.mp3 (203 KB)
  [GEN]  debt-fiscal-numbers — 194 chars
  [OK]   debt-fiscal-numbers.mp3 (88 KB)
  [GEN]  debt-fiscal-spending-timeline — 191 chars
  [OK]   debt-fiscal-spending-timeline.mp3 (83 KB)
  [GEN]  debt-fiscal-debt-servicing — 192 chars
  [OK]   debt-fiscal-debt-servicing.mp3 (75 KB)
  [GEN]  debt-fiscal-provincial-debt — 186 chars
  [OK]   debt-fiscal-provincial-debt.mp3 (78 KB)
  [GEN]  debt-fiscal-pbo — 185 chars
  [OK]   debt-fiscal-pbo.mp3 (75 KB)
  [GEN]  debt-fiscal-intergenerational — 153 chars
  [OK]   debt-fiscal-intergenerational.mp3 (59 KB)
  [GEN]  debt-fiscal-g7-comparison — 179 chars
  [OK]   debt-fiscal-g7-comparison.mp3 (79 KB)
  [GEN]  debt-fiscal-solutions — 156 chars
  [OK]   debt-fiscal-solutions.mp3 (64 KB)

Processing whistleblower-failures.html (11 narration nodes found)
  [GEN]  whistleblower-failures-main — 207 chars
  [OK]   whistleblower-failures-main.mp3 (107 KB)
  [GEN]  whistleblower-failures-protection-myth — 227 chars
  [OK]   whistleblower-failures-protection-myth.mp3 (96 KB)
  [GEN]  whistleblower-failures-norman-case — 265 chars
  [OK]   whistleblower-failures-norman-case.mp3 (108 KB)
  [GEN]  whistleblower-failures-colvin-case — 235 chars
  [OK]   whistleblower-failures-colvin-case.mp3 (91 KB)
  [GEN]  whistleblower-failures-ortis-case — 234 chars
  [OK]   whistleblower-failures-ortis-case.mp3 (106 KB)
  [GEN]  whistleblower-failures-other-cases — 352 chars
  [OK]   whistleblower-failures-other-cases.mp3 (153 KB)
  [GEN]  whistleblower-failures-psic-failure — 329 chars
  [OK]   whistleblower-failures-psic-failure.mp3 (140 KB)
  [GEN]  whistleblower-failures-international-comparison — 327 chars
  [OK]   whistleblower-failures-international-comparison.mp3 (151 KB)
  [GEN]  whistleblower-failures-real-protection — 383 chars
  [OK]   whistleblower-failures-real-protection.mp3 (174 KB)
  [GEN]  whistleblower-failures-criminal-code-irony — 321 chars
  [OK]   whistleblower-failures-criminal-code-irony.mp3 (133 KB)
  [GEN]  whistleblower-failures-sources — 247 chars
  [OK]   whistleblower-failures-sources.mp3 (110 KB)

Processing rcmp-reform.html (10 narration nodes found)
  [GEN]  rcmp-reform-rcmp-hero — 238 chars
  [OK]   rcmp-reform-rcmp-hero.mp3 (110 KB)
  [GEN]  rcmp-reform-rcmp-numbers — 224 chars
  [OK]   rcmp-reform-rcmp-numbers.mp3 (91 KB)
  [GEN]  rcmp-reform-rcmp-merlo — 204 chars
  [OK]   rcmp-reform-rcmp-merlo.mp3 (91 KB)
  [GEN]  rcmp-reform-rcmp-ns — 188 chars
  [OK]   rcmp-reform-rcmp-ns.mp3 (82 KB)
  [GEN]  rcmp-reform-node-5 — 304 chars
  [OK]   rcmp-reform-node-5.mp3 (140 KB)
  [GEN]  rcmp-reform-node-6 — 362 chars
  [OK]   rcmp-reform-node-6.mp3 (166 KB)
  [GEN]  rcmp-reform-node-7 — 333 chars
  [OK]   rcmp-reform-node-7.mp3 (161 KB)
  [GEN]  rcmp-reform-node-8 — 296 chars
  [OK]   rcmp-reform-node-8.mp3 (144 KB)
  [GEN]  rcmp-reform-node-9 — 365 chars
  [OK]   rcmp-reform-node-9.mp3 (174 KB)
  [GEN]  rcmp-reform-node-10 — 383 chars
  [OK]   rcmp-reform-node-10.mp3 (168 KB)

Processing appointments.html (15 narration nodes found)
  [GEN]  appointments-n-e34db581 — 124 chars
  [OK]   appointments-n-e34db581.mp3 (54 KB)
  [GEN]  appointments-node-2 — 115 chars
  [OK]   appointments-node-2.mp3 (52 KB)
  [GEN]  appointments-node-3 — 132 chars
  [OK]   appointments-node-3.mp3 (56 KB)
  [GEN]  appointments-node-4 — 133 chars
  [OK]   appointments-node-4.mp3 (57 KB)
  [GEN]  appointments-node-5 — 112 chars
  [OK]   appointments-node-5.mp3 (47 KB)
  [GEN]  appointments-node-6 — 124 chars
  [OK]   appointments-node-6.mp3 (54 KB)
  [GEN]  appointments-node-7 — 112 chars
  [OK]   appointments-node-7.mp3 (48 KB)
  [GEN]  appointments-node-8 — 114 chars
  [OK]   appointments-node-8.mp3 (53 KB)
  [GEN]  appointments-node-9 — 113 chars
  [OK]   appointments-node-9.mp3 (51 KB)
  [GEN]  appointments-node-10 — 116 chars
  [OK]   appointments-node-10.mp3 (50 KB)
  [GEN]  appointments-node-11 — 108 chars
  [OK]   appointments-node-11.mp3 (46 KB)
  [GEN]  appointments-node-12 — 110 chars
  [OK]   appointments-node-12.mp3 (49 KB)
  [GEN]  appointments-node-13 — 118 chars
  [OK]   appointments-node-13.mp3 (50 KB)
  [GEN]  appointments-node-14 — 110 chars
  [OK]   appointments-node-14.mp3 (47 KB)
  [GEN]  appointments-node-15 — 114 chars
  [OK]   appointments-node-15.mp3 (51 KB)

Processing corruption-map.html (8 narration nodes found)
  [GEN]  corruption-map-n-838ac04e — 278 chars
  [OK]   corruption-map-n-838ac04e.mp3 (127 KB)
  [GEN]  corruption-map-node-2 — 242 chars
  [OK]   corruption-map-node-2.mp3 (99 KB)
  [GEN]  corruption-map-node-3 — 234 chars
  [OK]   corruption-map-node-3.mp3 (102 KB)
  [GEN]  corruption-map-node-4 — 229 chars
  [OK]   corruption-map-node-4.mp3 (100 KB)
  [GEN]  corruption-map-node-5 — 231 chars
  [OK]   corruption-map-node-5.mp3 (100 KB)
  [GEN]  corruption-map-n-vs-np — 258 chars
  [OK]   corruption-map-n-vs-np.mp3 (105 KB)
  [GEN]  corruption-map-node-7 — 188 chars
  [OK]   corruption-map-node-7.mp3 (82 KB)
  [GEN]  corruption-map-node-8 — 274 chars
  [OK]   corruption-map-node-8.mp3 (107 KB)

Processing caf-recruitment.html (7 narration nodes found)
  [GEN]  caf-recruitment-n-d7732571 — 241 chars
  [OK]   caf-recruitment-n-d7732571.mp3 (101 KB)
  [GEN]  caf-recruitment-cfat-elimination — 98 chars
  [OK]   caf-recruitment-cfat-elimination.mp3 (47 KB)
  [GEN]  caf-recruitment-node-3 — 173 chars
  [OK]   caf-recruitment-node-3.mp3 (88 KB)
  [GEN]  caf-recruitment-weaponization — 117 chars
  [OK]   caf-recruitment-weaponization.mp3 (49 KB)
  [GEN]  caf-recruitment-node-5 — 176 chars
  [OK]   caf-recruitment-node-5.mp3 (82 KB)
  [GEN]  caf-recruitment-degradation-matrix — 107 chars
  [OK]   caf-recruitment-degradation-matrix.mp3 (46 KB)
  [GEN]  caf-recruitment-node-7 — 196 chars
  [OK]   caf-recruitment-node-7.mp3 (96 KB)

Processing caf-recruitment-crisis.html (5 narration nodes found)
  [GEN]  caf-recruitment-crisis-n-e35f4e3f — 450 chars
  [OK]   caf-recruitment-crisis-n-e35f4e3f.mp3 (180 KB)
  [GEN]  caf-recruitment-crisis-node-2 — 168 chars
  [OK]   caf-recruitment-crisis-node-2.mp3 (71 KB)
  [GEN]  caf-recruitment-crisis-node-3 — 175 chars
  [OK]   caf-recruitment-crisis-node-3.mp3 (73 KB)
  [GEN]  caf-recruitment-crisis-node-4 — 174 chars
  [OK]   caf-recruitment-crisis-node-4.mp3 (73 KB)
  [GEN]  caf-recruitment-crisis-node-5 — 155 chars
  [OK]   caf-recruitment-crisis-node-5.mp3 (68 KB)

Processing foreign-interference.html (8 narration nodes found)
  [GEN]  foreign-interference-fi-hero — 250 chars
  [OK]   foreign-interference-fi-hero.mp3 (114 KB)
  [GEN]  foreign-interference-node-2 — 281 chars
  [OK]   foreign-interference-node-2.mp3 (117 KB)
  [GEN]  foreign-interference-fi-hogue — 236 chars
  [OK]   foreign-interference-fi-hogue.mp3 (94 KB)
  [GEN]  foreign-interference-fi-prc — 262 chars
  [OK]   foreign-interference-fi-prc.mp3 (103 KB)
  [GEN]  foreign-interference-node-5 — 432 chars
  [OK]   foreign-interference-node-5.mp3 (176 KB)
  [GEN]  foreign-interference-fi-intel — 225 chars
  [OK]   foreign-interference-fi-intel.mp3 (88 KB)
  [GEN]  foreign-interference-node-7 — 339 chars
  [OK]   foreign-interference-node-7.mp3 (141 KB)
  [GEN]  foreign-interference-node-8 — 298 chars
  [OK]   foreign-interference-node-8.mp3 (114 KB)

Processing maid-accountability.html (15 narration nodes found)
  [GEN]  maid-accountability-maid-hero — 245 chars
  [OK]   maid-accountability-maid-hero.mp3 (114 KB)
  [GEN]  maid-accountability-maid-numbers — 195 chars
  [OK]   maid-accountability-maid-numbers.mp3 (87 KB)
  [GEN]  maid-accountability-node-3 — 389 chars
  [OK]   maid-accountability-node-3.mp3 (170 KB)
  [GEN]  maid-accountability-maid-cases — 257 chars
  [OK]   maid-accountability-maid-cases.mp3 (103 KB)
  [GEN]  maid-accountability-maid-oversight — 226 chars
  [OK]   maid-accountability-maid-oversight.mp3 (89 KB)
  [GEN]  maid-accountability-node-6 — 143 chars
  [OK]   maid-accountability-node-6.mp3 (67 KB)
  [GEN]  maid-accountability-node-7 — 130 chars
  [OK]   maid-accountability-node-7.mp3 (60 KB)
  [GEN]  maid-accountability-node-8 — 299 chars
  [OK]   maid-accountability-node-8.mp3 (140 KB)
  [GEN]  maid-accountability-node-9 — 295 chars
  [OK]   maid-accountability-node-9.mp3 (139 KB)
  [GEN]  maid-accountability-node-10 — 424 chars
  [OK]   maid-accountability-node-10.mp3 (181 KB)
  [GEN]  maid-accountability-node-11 — 374 chars
  [OK]   maid-accountability-node-11.mp3 (168 KB)
  [GEN]  maid-accountability-node-12 — 333 chars
  [OK]   maid-accountability-node-12.mp3 (137 KB)
  [GEN]  maid-accountability-node-13 — 304 chars
  [OK]   maid-accountability-node-13.mp3 (170 KB)
  [GEN]  maid-accountability-node-14 — 532 chars
  [OK]   maid-accountability-node-14.mp3 (216 KB)
  [GEN]  maid-accountability-node-15 — 309 chars
  [OK]   maid-accountability-node-15.mp3 (125 KB)

Processing rcmp-commissioners.html (7 narration nodes found)
  [GEN]  rcmp-commissioners-n-6a044e7f — 404 chars
  [OK]   rcmp-commissioners-n-6a044e7f.mp3 (184 KB)
  [GEN]  rcmp-commissioners-node-2 — 269 chars
  [OK]   rcmp-commissioners-node-2.mp3 (114 KB)
  [GEN]  rcmp-commissioners-node-3 — 312 chars
  [OK]   rcmp-commissioners-node-3.mp3 (144 KB)
  [GEN]  rcmp-commissioners-node-4 — 334 chars
  [OK]   rcmp-commissioners-node-4.mp3 (155 KB)
  [GEN]  rcmp-commissioners-node-5 — 315 chars
  [OK]   rcmp-commissioners-node-5.mp3 (132 KB)
  [GEN]  rcmp-commissioners-node-6 — 330 chars
  [OK]   rcmp-commissioners-node-6.mp3 (134 KB)
  [GEN]  rcmp-commissioners-node-7 — 282 chars
  [OK]   rcmp-commissioners-node-7.mp3 (116 KB)

Processing email-campaign.html (1 narration nodes found)
  [GEN]  email-campaign-n-cda11710 — 234 chars
  [OK]   email-campaign-n-cda11710.mp3 (111 KB)

Processing epstein-maxwell.html (8 narration nodes found)
  [GEN]  epstein-maxwell-n-2ba8c8be — 324 chars
  [OK]   epstein-maxwell-n-2ba8c8be.mp3 (133 KB)
  [GEN]  epstein-maxwell-network — 253 chars
  [OK]   epstein-maxwell-network.mp3 (108 KB)
  [GEN]  epstein-maxwell-timeline — 194 chars
  [OK]   epstein-maxwell-timeline.mp3 (85 KB)
  [GEN]  epstein-maxwell-canada — 335 chars
  [OK]   epstein-maxwell-canada.mp3 (135 KB)
  [GEN]  epstein-maxwell-comparison — 216 chars
  [OK]   epstein-maxwell-comparison.mp3 (95 KB)
  [GEN]  epstein-maxwell-documents — 220 chars
  [OK]   epstein-maxwell-documents.mp3 (97 KB)
  [GEN]  epstein-maxwell-failures — 273 chars
  [OK]   epstein-maxwell-failures.mp3 (117 KB)
  [GEN]  epstein-maxwell-accountability — 256 chars
  [OK]   epstein-maxwell-accountability.mp3 (104 KB)

Processing s504-covey-bae.html (10 narration nodes found)
  [GEN]  s504-covey-bae-s504-hero — 243 chars
  [OK]   s504-covey-bae-s504-hero.mp3 (95 KB)
  [GEN]  s504-covey-bae-s504-covey — 223 chars
  [OK]   s504-covey-bae-s504-covey.mp3 (92 KB)
  [GEN]  s504-covey-bae-s504-bae — 316 chars
  [OK]   s504-covey-bae-s504-bae.mp3 (121 KB)
  [GEN]  s504-covey-bae-node-4 — 496 chars
  [OK]   s504-covey-bae-node-4.mp3 (194 KB)
  [GEN]  s504-covey-bae-node-5 — 329 chars
  [OK]   s504-covey-bae-node-5.mp3 (125 KB)
  [GEN]  s504-covey-bae-node-6 — 311 chars
  [OK]   s504-covey-bae-node-6.mp3 (131 KB)
  [GEN]  s504-covey-bae-node-7 — 258 chars
  [OK]   s504-covey-bae-node-7.mp3 (106 KB)
  [GEN]  s504-covey-bae-node-8 — 341 chars
  [OK]   s504-covey-bae-node-8.mp3 (144 KB)
  [GEN]  s504-covey-bae-node-9 — 345 chars
  [OK]   s504-covey-bae-node-9.mp3 (137 KB)
  [GEN]  s504-covey-bae-node-10 — 314 chars
  [OK]   s504-covey-bae-node-10.mp3 (130 KB)

Processing procurement-analysis.html (9 narration nodes found)
  [GEN]  procurement-analysis-n-0b2211ef — 217 chars
  [OK]   procurement-analysis-n-0b2211ef.mp3 (117 KB)
  [GEN]  procurement-analysis-node-2 — 98 chars
  [OK]   procurement-analysis-node-2.mp3 (46 KB)
  [GEN]  procurement-analysis-node-3 — 104 chars
  [OK]   procurement-analysis-node-3.mp3 (47 KB)
  [GEN]  procurement-analysis-node-4 — 110 chars
  [OK]   procurement-analysis-node-4.mp3 (52 KB)
  [GEN]  procurement-analysis-node-5 — 110 chars
  [OK]   procurement-analysis-node-5.mp3 (49 KB)
  [GEN]  procurement-analysis-live-scan — 104 chars
  [OK]   procurement-analysis-live-scan.mp3 (48 KB)
  [GEN]  procurement-analysis-node-7 — 106 chars
  [OK]   procurement-analysis-node-7.mp3 (47 KB)
  [GEN]  procurement-analysis-node-8 — 94 chars
  [OK]   procurement-analysis-node-8.mp3 (46 KB)
  [GEN]  procurement-analysis-node-9 — 112 chars
  [OK]   procurement-analysis-node-9.mp3 (48 KB)

Processing telecom-oligopoly.html (6 narration nodes found)
  [GEN]  telecom-oligopoly-n-c96aa348 — 367 chars
  [OK]   telecom-oligopoly-n-c96aa348.mp3 (150 KB)
  [GEN]  telecom-oligopoly-big-three — 163 chars
  [OK]   telecom-oligopoly-big-three.mp3 (74 KB)
  [GEN]  telecom-oligopoly-fourth-carrier — 162 chars
  [OK]   telecom-oligopoly-fourth-carrier.mp3 (66 KB)
  [GEN]  telecom-oligopoly-crtc — 140 chars
  [OK]   telecom-oligopoly-crtc.mp3 (64 KB)
  [GEN]  telecom-oligopoly-lobbying — 149 chars
  [OK]   telecom-oligopoly-lobbying.mp3 (63 KB)
  [GEN]  telecom-oligopoly-verdict — 170 chars
  [OK]   telecom-oligopoly-verdict.mp3 (75 KB)

Processing epstein-canadian-connections.html (5 narration nodes found)
  [GEN]  epstein-canadian-connections-n-298c5cdf — 381 chars
  [OK]   epstein-canadian-connections-n-298c5cdf.mp3 (159 KB)
  [GEN]  epstein-canadian-connections-node-2 — 199 chars
  [OK]   epstein-canadian-connections-node-2.mp3 (77 KB)
  [GEN]  epstein-canadian-connections-node-3 — 196 chars
  [OK]   epstein-canadian-connections-node-3.mp3 (81 KB)
  [GEN]  epstein-canadian-connections-node-4 — 183 chars
  [OK]   epstein-canadian-connections-node-4.mp3 (71 KB)
  [GEN]  epstein-canadian-connections-node-5 — 239 chars
  [OK]   epstein-canadian-connections-node-5.mp3 (93 KB)

Processing home.html (24 narration nodes found)
  [GEN]  home-n-a32bf08b — 155 chars
  [OK]   home-n-a32bf08b.mp3 (66 KB)
  [GEN]  home-node-2 — 119 chars
  [OK]   home-node-2.mp3 (51 KB)
  [GEN]  home-node-3 — 102 chars
  [OK]   home-node-3.mp3 (43 KB)
  [GEN]  home-node-4 — 88 chars
  [OK]   home-node-4.mp3 (44 KB)
  [GEN]  home-node-5 — 111 chars
  [OK]   home-node-5.mp3 (47 KB)
  [GEN]  home-node-6 — 81 chars
  [OK]   home-node-6.mp3 (41 KB)
  [GEN]  home-node-7 — 114 chars
  [OK]   home-node-7.mp3 (50 KB)
  [GEN]  home-node-8 — 130 chars
  [OK]   home-node-8.mp3 (62 KB)
  [GEN]  home-node-9 — 181 chars
  [OK]   home-node-9.mp3 (97 KB)
  [GEN]  home-node-10 — 102 chars
  [OK]   home-node-10.mp3 (44 KB)
  [GEN]  home-node-11 — 89 chars
  [OK]   home-node-11.mp3 (42 KB)
  [GEN]  home-node-12 — 88 chars
  [OK]   home-node-12.mp3 (40 KB)
  [GEN]  home-node-13 — 196 chars
  [OK]   home-node-13.mp3 (85 KB)
  [GEN]  home-node-14 — 104 chars
  [OK]   home-node-14.mp3 (49 KB)
  [GEN]  home-node-15 — 102 chars
  [OK]   home-node-15.mp3 (45 KB)
  [GEN]  home-node-16 — 95 chars
  [OK]   home-node-16.mp3 (44 KB)
  [GEN]  home-node-17 — 101 chars
  [OK]   home-node-17.mp3 (45 KB)
  [GEN]  home-node-18 — 245 chars
  [OK]   home-node-18.mp3 (114 KB)
  [GEN]  home-node-19 — 264 chars
  [OK]   home-node-19.mp3 (142 KB)
  [GEN]  home-node-20 — 98 chars
  [OK]   home-node-20.mp3 (45 KB)
  [GEN]  home-node-21 — 97 chars
  [OK]   home-node-21.mp3 (46 KB)
  [GEN]  home-node-22 — 342 chars
  [OK]   home-node-22.mp3 (178 KB)
  [GEN]  home-node-23 — 400 chars
  [OK]   home-node-23.mp3 (170 KB)
  [GEN]  home-node-24 — 97 chars
  [OK]   home-node-24.mp3 (46 KB)

Processing ppcli-lawsuit.html (4 narration nodes found)
  [GEN]  ppcli-lawsuit-pl-hero — 209 chars
  [OK]   ppcli-lawsuit-pl-hero.mp3 (89 KB)
  [GEN]  ppcli-lawsuit-pl-lav — 190 chars
  [OK]   ppcli-lawsuit-pl-lav.mp3 (72 KB)
  [GEN]  ppcli-lawsuit-pl-grid — 205 chars
  [OK]   ppcli-lawsuit-pl-grid.mp3 (74 KB)
  [GEN]  ppcli-lawsuit-pl-heater — 244 chars
  [OK]   ppcli-lawsuit-pl-heater.mp3 (87 KB)

Processing liril-analysis.html (8 narration nodes found)
  [GEN]  liril-analysis-n-d5a62fa8 — 304 chars
  [OK]   liril-analysis-n-d5a62fa8.mp3 (131 KB)
  [GEN]  liril-analysis-node-2 — 81 chars
  [OK]   liril-analysis-node-2.mp3 (42 KB)
  [GEN]  liril-analysis-node-3 — 91 chars
  [OK]   liril-analysis-node-3.mp3 (43 KB)
  [GEN]  liril-analysis-node-4 — 85 chars
  [OK]   liril-analysis-node-4.mp3 (42 KB)
  [GEN]  liril-analysis-node-5 — 89 chars
  [OK]   liril-analysis-node-5.mp3 (42 KB)
  [GEN]  liril-analysis-node-6 — 91 chars
  [OK]   liril-analysis-node-6.mp3 (42 KB)
  [GEN]  liril-analysis-node-7 — 95 chars
  [OK]   liril-analysis-node-7.mp3 (44 KB)
  [GEN]  liril-analysis-node-8 — 102 chars
  [OK]   liril-analysis-node-8.mp3 (45 KB)

Processing cfnis-proxy.html (1 narration nodes found)
  [GEN]  cfnis-proxy-n-1261dcd0 — 370 chars
  [OK]   cfnis-proxy-n-1261dcd0.mp3 (152 KB)

Processing cija-lobbying.html (3 narration nodes found)
  [GEN]  cija-lobbying-n-b07d5cd9 — 322 chars
  [OK]   cija-lobbying-n-b07d5cd9.mp3 (133 KB)
  [GEN]  cija-lobbying-node-2 — 308 chars
  [OK]   cija-lobbying-node-2.mp3 (135 KB)
  [GEN]  cija-lobbying-node-3 — 368 chars
  [OK]   cija-lobbying-node-3.mp3 (144 KB)

Processing influence-target-alpha.html (3 narration nodes found)
  [GEN]  influence-target-alpha-n-2c135c21 — 355 chars
  [OK]   influence-target-alpha-n-2c135c21.mp3 (141 KB)
  [GEN]  influence-target-alpha-node-2 — 370 chars
  [OK]   influence-target-alpha-node-2.mp3 (146 KB)
  [GEN]  influence-target-alpha-node-3 — 359 chars
  [OK]   influence-target-alpha-node-3.mp3 (150 KB)

Processing ledger-book.html (9 narration nodes found)
  [GEN]  ledger-book-n-e8d65ce9 — 423 chars
  [OK]   ledger-book-n-e8d65ce9.mp3 (160 KB)
  [GEN]  ledger-book-node-2 — 396 chars
  [OK]   ledger-book-node-2.mp3 (168 KB)
  [GEN]  ledger-book-node-3 — 327 chars
  [OK]   ledger-book-node-3.mp3 (183 KB)
  [GEN]  ledger-book-node-4 — 371 chars
  [OK]   ledger-book-node-4.mp3 (174 KB)
  [GEN]  ledger-book-node-5 — 352 chars
  [OK]   ledger-book-node-5.mp3 (182 KB)
  [GEN]  ledger-book-node-6 — 366 chars
  [OK]   ledger-book-node-6.mp3 (182 KB)
  [GEN]  ledger-book-node-7 — 341 chars
  [OK]   ledger-book-node-7.mp3 (174 KB)
  [GEN]  ledger-book-node-8 — 373 chars
  [OK]   ledger-book-node-8.mp3 (175 KB)
  [GEN]  ledger-book-node-9 — 353 chars
  [OK]   ledger-book-node-9.mp3 (192 KB)

Processing maid-exterminators.html (2 narration nodes found)
  [GEN]  maid-exterminators-node-1 — 323 chars
  [OK]   maid-exterminators-node-1.mp3 (164 KB)
  [GEN]  maid-exterminators-node-2 — 349 chars
  [OK]   maid-exterminators-node-2.mp3 (178 KB)

Processing publications.html (1 narration nodes found)
  [GEN]  publications-n-b791fef7 — 386 chars
  [OK]   publications-n-b791fef7.mp3 (161 KB)

Processing maid-voting-record.html (6 narration nodes found)
  [GEN]  maid-voting-record-n-01b6743c — 86 chars
  [OK]   maid-voting-record-n-01b6743c.mp3 (46 KB)
  [GEN]  maid-voting-record-node-2 — 148 chars
  [OK]   maid-voting-record-node-2.mp3 (84 KB)
  [GEN]  maid-voting-record-node-3 — 89 chars
  [OK]   maid-voting-record-node-3.mp3 (40 KB)
  [GEN]  maid-voting-record-node-4 — 303 chars
  [OK]   maid-voting-record-node-4.mp3 (135 KB)
  [GEN]  maid-voting-record-node-5 — 301 chars
  [OK]   maid-voting-record-node-5.mp3 (136 KB)
  [GEN]  maid-voting-record-node-6 — 208 chars
  [OK]   maid-voting-record-node-6.mp3 (91 KB)

Processing convergence-matrix.html (5 narration nodes found)
  [GEN]  convergence-matrix-n-e0b1323c — 335 chars
  [OK]   convergence-matrix-n-e0b1323c.mp3 (146 KB)
  [GEN]  convergence-matrix-node-2 — 358 chars
  [OK]   convergence-matrix-node-2.mp3 (153 KB)
  [GEN]  convergence-matrix-node-3 — 262 chars
  [OK]   convergence-matrix-node-3.mp3 (116 KB)
  [GEN]  convergence-matrix-node-4 — 271 chars
  [OK]   convergence-matrix-node-4.mp3 (109 KB)
  [GEN]  convergence-matrix-node-5 — 354 chars
  [OK]   convergence-matrix-node-5.mp3 (154 KB)

Processing kids-guide.html (10 narration nodes found)
  [GEN]  kids-guide-n-55b31540 — 74 chars
  [OK]   kids-guide-n-55b31540.mp3 (41 KB)
  [GEN]  kids-guide-node-2 — 109 chars
  [OK]   kids-guide-node-2.mp3 (48 KB)
  [GEN]  kids-guide-node-3 — 91 chars
  [OK]   kids-guide-node-3.mp3 (42 KB)
  [GEN]  kids-guide-node-4 — 79 chars
  [OK]   kids-guide-node-4.mp3 (38 KB)
  [GEN]  kids-guide-node-5 — 89 chars
  [OK]   kids-guide-node-5.mp3 (39 KB)
  [GEN]  kids-guide-node-6 — 89 chars
  [OK]   kids-guide-node-6.mp3 (42 KB)
  [GEN]  kids-guide-node-7 — 94 chars
  [OK]   kids-guide-node-7.mp3 (42 KB)
  [GEN]  kids-guide-node-8 — 86 chars
  [OK]   kids-guide-node-8.mp3 (40 KB)
  [GEN]  kids-guide-node-9 — 81 chars
  [OK]   kids-guide-node-9.mp3 (37 KB)
  [GEN]  kids-guide-node-10 — 83 chars
  [OK]   kids-guide-node-10.mp3 (38 KB)

Processing email-dispatch.html (1 narration nodes found)
  [GEN]  email-dispatch-node-1 — 195 chars
  [OK]   email-dispatch-node-1.mp3 (91 KB)

Processing s504-court-filing.html (4 narration nodes found)
  [GEN]  s504-court-filing-node-1 — 163 chars
  [OK]   s504-court-filing-node-1.mp3 (81 KB)
  [GEN]  s504-court-filing-node-2 — 208 chars
  [OK]   s504-court-filing-node-2.mp3 (80 KB)
  [GEN]  s504-court-filing-node-3 — 100 chars
  [OK]   s504-court-filing-node-3.mp3 (48 KB)
  [GEN]  s504-court-filing-node-4 — 106 chars
  [OK]   s504-court-filing-node-4.mp3 (47 KB)

Processing evidence-ns-oic.html (3 narration nodes found)
  [GEN]  evidence-ns-oic-node-1 — 184 chars
  [OK]   evidence-ns-oic-node-1.mp3 (77 KB)
  [GEN]  evidence-ns-oic-node-2 — 217 chars
  [OK]   evidence-ns-oic-node-2.mp3 (75 KB)
  [GEN]  evidence-ns-oic-node-3 — 230 chars
  [OK]   evidence-ns-oic-node-3.mp3 (84 KB)

Processing follow-the-money.html (9 narration nodes found)
  [GEN]  follow-the-money-node-1 — 362 chars
  [OK]   follow-the-money-node-1.mp3 (187 KB)
  [GEN]  follow-the-money-node-2 — 351 chars
  [OK]   follow-the-money-node-2.mp3 (143 KB)
  [GEN]  follow-the-money-node-3 — 287 chars
  [OK]   follow-the-money-node-3.mp3 (149 KB)
  [GEN]  follow-the-money-node-4 — 309 chars
  [OK]   follow-the-money-node-4.mp3 (124 KB)
  [GEN]  follow-the-money-node-5 — 299 chars
  [OK]   follow-the-money-node-5.mp3 (126 KB)
  [GEN]  follow-the-money-node-6 — 318 chars
  [OK]   follow-the-money-node-6.mp3 (158 KB)
  [GEN]  follow-the-money-node-7 — 309 chars
  [OK]   follow-the-money-node-7.mp3 (149 KB)
  [GEN]  follow-the-money-node-8 — 349 chars
  [OK]   follow-the-money-node-8.mp3 (173 KB)
  [GEN]  follow-the-money-node-9 — 94 chars
  [OK]   follow-the-money-node-9.mp3 (41 KB)

  Done.
