=== hansard_collector ===
Started: 2026-04-16T00:20:12.076902+00:00
Exit code: 1
Duration: 7.53s
EMH Hash: 0e928049a686c75c

=== STDOUT ===
usage: hansard_collector.py [-h] [--recent] [--days DAYS] [--mp MP] [--votes]
                            [--search SEARCH] [--bills] [--session SESSION]
                            [--verbose]

Collect Canadian Hansard debates from OpenParliament.ca (public government records)

options:
  -h, --help         show this help message and exit
  --recent           Collect recent debates
  --days DAYS        Number of days for --recent (default: 30)
  --mp MP            MP slug to collect statements for (e.g. trudeau-justin)
  --votes            Collect recorded votes
  --search SEARCH    Full-text search query
  --bills            Collect bills
  --session SESSION  Parliamentary session (default: 45-1)
  --verbose          Enable debug logging

Examples:
  python hansard_collector.py --recent --days 14
  python hansard_collector.py --mp poilievre-pierre
  python hansard_collector.py --votes --session 44-1
  python hansard_collector.py --search "foreign interference"
  python hansard_collector.py --bills --session 45-1

