=== lobbying_collector ===
Started: 2026-04-16T00:21:11.234789+00:00
Exit code: 1
Duration: 7.90s
EMH Hash: c43d5ae42b4866c5

=== STDOUT ===
usage: lobbying_collector.py [-h] [--registrations] [--communications]
                             [--contracts] [--parse-csv PATH]
                             [--foreign-connections] [--all] [--verbose]

Collect lobbying registry data from Canada Open Government Portal (public records)

options:
  -h, --help            show this help message and exit
  --registrations       Download lobbying registrations
  --communications      Download communication reports
  --contracts           Download proactive disclosure contracts
  --parse-csv PATH      Parse a specific lobbying CSV file
  --foreign-connections
                        Scan registrations for foreign connections
  --all                 Download all datasets
  --verbose             Enable debug logging

Examples:
  python lobbying_collector.py --registrations
  python lobbying_collector.py --communications
  python lobbying_collector.py --contracts
  python lobbying_collector.py --all
  python lobbying_collector.py --parse-csv path/to/file.csv
  python lobbying_collector.py --foreign-connections

