[19:34:37] walking tree (single pass, scandir)...
[19:34:38] image files: 328
[19:34:38] search files (pre-filter): 19746
[19:34:38] search universe: 19726 files (skipped 20 > 2MB)
[19:34:38]   scan 0/19726
[19:34:53]   scan 1000/19726
[19:35:11]   scan 2000/19726
[19:35:29]   scan 3000/19726
[19:35:43]   scan 4000/19726
[19:35:58]   scan 5000/19726
[19:36:11]   scan 6000/19726
[19:36:24]   scan 7000/19726
[19:36:36]   scan 8000/19726
[19:36:49]   scan 9000/19726
[19:37:03]   scan 10000/19726
[19:37:16]   scan 11000/19726
[19:37:31]   scan 12000/19726
[19:37:46]   scan 13000/19726
[19:37:59]   scan 14000/19726
[19:38:14]   scan 15000/19726
[19:38:27]   scan 16000/19726
[19:38:38]   scan 17000/19726
[19:38:50]   scan 18000/19726
[19:39:03]   scan 19000/19726
[19:39:12] distinct referenced image basenames: 694
[19:39:12] 0-ref image files: 21
[19:39:12]      57,589 B  evidence\instagram_shroudcam0_hacked_2026-03-27.png
[19:39:12]   3,265,764 B  evidence-index.png
[19:39:12]      22,777 B  game_test.png
[19:39:12]     778,050 B  images\cinematic\liril_network.png
[19:39:12]   1,041,278 B  images\cinematic\topography_map.png
[19:39:12]      71,793 B  img\s504_evidence\s504_error_0001_20260415_085221.jpg
[19:39:12]      71,833 B  img\s504_evidence\s504_error_0002_20260415_145301.jpg
[19:39:12]      71,833 B  img\s504_evidence\s504_error_0003_20260415_205340.jpg
[19:39:12]     881,447 B  media\generated\arrivecan_scandal.png
[19:39:12]     845,212 B  media\generated\cfnis_military.png
[19:39:12]     829,019 B  media\generated\ethics_violations.png
[19:39:12]   1,157,477 B  media\generated\fintrac_defunded.png
[19:39:12]   1,103,907 B  media\generated\foreign_interference.png
[19:39:12]   1,358,274 B  media\generated\lobbying_concentration.png
[19:39:12]     992,205 B  media\generated\maid_investigation.png
[19:39:12]   1,190,296 B  media\generated\offshore_finance.png
[19:39:12]     924,441 B  media\generated\panama_papers.png
[19:39:12]   1,069,029 B  media\generated\phoenix_pay.png
[19:39:12]   1,123,012 B  media\generated\s504_charges.png
[19:39:12]     366,117 B  media\test_flux2.png
[19:39:12]     135,819 B  scripts\liril_snapshot.jpg
[19:39:12] TOTAL dead bytes: 17,357,172
[19:39:13] wrote E:\TENET-5.github.io\data\cap291_image_audit.json
