[19:53:01] walking tree...
[19:53:24] font files: 0
[19:53:24] search files (pre-filter): 19748
[19:53:24] search universe: 19728 files (skipped 20 > 2MB)
[19:53:24]   scan 0/19728
[19:53:37]   scan 1000/19728
[19:53:56]   scan 2000/19728
[19:54:14]   scan 3000/19728
[19:54:30]   scan 4000/19728
[19:54:45]   scan 5000/19728
[19:55:02]   scan 6000/19728
[19:55:19]   scan 7000/19728
[19:55:36]   scan 8000/19728
[19:55:54]   scan 9000/19728
[19:56:11]   scan 10000/19728
[19:56:27]   scan 11000/19728
[19:56:41]   scan 12000/19728
[19:56:53]   scan 13000/19728
[19:57:05]   scan 14000/19728
[19:57:16]   scan 15000/19728
[19:57:27]   scan 16000/19728
[19:57:39]   scan 17000/19728
[19:57:51]   scan 18000/19728
[19:58:03]   scan 19000/19728
[19:58:13] distinct referenced font basenames: 0
[19:58:13] 0-ref font files: 0
[19:58:13] TOTAL dead bytes: 0
[19:58:13] wrote E:\TENET-5.github.io\data\cap292_font_audit.json
